0 verbose cli /usr/local/bin/node /usr/local/bin/npm
1 info using npm@11.11.0
2 info using node@v24.14.1
3 silly config load:file:/usr/local/lib/node_modules/npm/npmrc
4 silly config load:file:/home/userland/humanity-pi-hub/.npmrc
5 silly config load:file:/home/userland/.npmrc
6 silly config load:file:/usr/local/etc/npmrc
7 verbose title npm install express body-parser cors axios
8 verbose argv "install" "express" "body-parser" "cors" "axios"
9 verbose logfile logs-max:10 dir:/home/userland/.npm/_logs/2026-05-16T18_45_09_426Z-
10 verbose logfile /home/userland/.npm/_logs/2026-05-16T18_45_09_426Z-debug-0.log
11 silly logfile start cleaning logs, removing 1 files
12 silly packumentCache heap:2348810240 maxSize:587202560 maxEntrySize:293601280
13 silly logfile done cleaning log files
14 silly idealTree buildDeps
15 silly fetch manifest express@*
16 silly packumentCache full:https://registry.npmjs.org/express cache-miss
17 http fetch GET 200 https://registry.npmjs.org/express 1156ms (cache revalidated)
18 silly packumentCache full:https://registry.npmjs.org/express set size:804926 disposed:false
19 silly fetch manifest body-parser@*
20 silly packumentCache full:https://registry.npmjs.org/body-parser cache-miss
21 http fetch GET 200 https://registry.npmjs.org/body-parser 253ms (cache revalidated)
22 silly packumentCache full:https://registry.npmjs.org/body-parser set size:199299 disposed:false
23 silly fetch manifest cors@*
24 silly packumentCache full:https://registry.npmjs.org/cors cache-miss
25 http fetch GET 200 https://registry.npmjs.org/cors 261ms (cache revalidated)
26 silly packumentCache full:https://registry.npmjs.org/cors set size:77956 disposed:false
27 silly fetch manifest axios@*
28 silly packumentCache full:https://registry.npmjs.org/axios cache-miss
29 http fetch GET 200 https://registry.npmjs.org/axios 268ms (cache revalidated)
30 silly packumentCache full:https://registry.npmjs.org/axios set size:820578 disposed:false
31 silly placeDep ROOT axios@1.16.1 OK for: humanity-pi-hub@1.0.0 want: *
32 silly placeDep ROOT body-parser@2.2.2 OK for: humanity-pi-hub@1.0.0 want: *
33 silly placeDep ROOT cors@2.8.6 OK for: humanity-pi-hub@1.0.0 want: *
34 silly placeDep ROOT express@5.2.1 OK for: humanity-pi-hub@1.0.0 want: *
35 silly fetch manifest follow-redirects@^1.16.0
36 silly packumentCache full:https://registry.npmjs.org/follow-redirects cache-miss
37 silly fetch manifest form-data@^4.0.5
38 silly packumentCache full:https://registry.npmjs.org/form-data cache-miss
39 silly fetch manifest https-proxy-agent@^5.0.1
40 silly packumentCache full:https://registry.npmjs.org/https-proxy-agent cache-miss
41 silly fetch manifest proxy-from-env@^2.1.0
42 silly packumentCache full:https://registry.npmjs.org/proxy-from-env cache-miss
43 silly fetch manifest qs@^6.14.1
44 silly packumentCache full:https://registry.npmjs.org/qs cache-miss
45 silly fetch manifest bytes@^3.1.2
46 silly packumentCache full:https://registry.npmjs.org/bytes cache-miss
47 silly fetch manifest debug@^4.4.3
48 silly packumentCache full:https://registry.npmjs.org/debug cache-miss
49 http fetch GET 200 https://registry.npmjs.org/https-proxy-agent 304ms (cache revalidated)
50 silly packumentCache full:https://registry.npmjs.org/https-proxy-agent set size:81258 disposed:false
51 silly fetch manifest type-is@^2.0.1
52 silly packumentCache full:https://registry.npmjs.org/type-is cache-miss
53 http fetch GET 200 https://registry.npmjs.org/type-is 385ms (cache revalidated)
54 silly packumentCache full:https://registry.npmjs.org/type-is set size:88614 disposed:false
55 silly fetch manifest raw-body@^3.0.1
56 silly packumentCache full:https://registry.npmjs.org/raw-body cache-miss
57 http fetch GET 200 https://registry.npmjs.org/proxy-from-env 875ms (cache revalidated)
58 silly packumentCache full:https://registry.npmjs.org/proxy-from-env set size:21422 disposed:false
59 silly fetch manifest iconv-lite@^0.7.0
60 silly packumentCache full:https://registry.npmjs.org/iconv-lite cache-miss
61 http fetch GET 200 https://registry.npmjs.org/debug 941ms (cache revalidated)
62 silly packumentCache full:https://registry.npmjs.org/debug set size:195840 disposed:false
63 silly fetch manifest http-errors@^2.0.0
64 silly packumentCache full:https://registry.npmjs.org/http-errors cache-miss
65 http fetch GET 200 https://registry.npmjs.org/follow-redirects 972ms (cache revalidated)
66 silly packumentCache full:https://registry.npmjs.org/follow-redirects set size:188945 disposed:false
67 silly fetch manifest on-finished@^2.4.1
68 silly packumentCache full:https://registry.npmjs.org/on-finished cache-miss
69 http fetch GET 200 https://registry.npmjs.org/raw-body 282ms (cache revalidated)
70 silly packumentCache full:https://registry.npmjs.org/raw-body set size:117822 disposed:false
71 silly fetch manifest content-type@^1.0.5
72 silly packumentCache full:https://registry.npmjs.org/content-type cache-miss
73 http fetch GET 200 https://registry.npmjs.org/qs 1028ms (cache revalidated)
74 silly packumentCache full:https://registry.npmjs.org/qs set size:353582 disposed:false
75 silly fetch manifest object-assign@^4
76 silly packumentCache full:https://registry.npmjs.org/object-assign cache-miss
77 http fetch GET 200 https://registry.npmjs.org/bytes 1048ms (cache revalidated)
78 silly packumentCache full:https://registry.npmjs.org/bytes set size:37018 disposed:false
79 silly fetch manifest vary@^1
80 silly packumentCache full:https://registry.npmjs.org/vary cache-miss
81 http fetch GET 200 https://registry.npmjs.org/form-data 1075ms (cache revalidated)
82 silly packumentCache full:https://registry.npmjs.org/form-data set size:153646 disposed:false
83 silly fetch manifest qs@^6.14.0
84 silly packumentCache full:https://registry.npmjs.org/qs cache-hit
85 silly fetch manifest depd@^2.0.0
86 silly packumentCache full:https://registry.npmjs.org/depd cache-miss
87 http fetch GET 200 https://registry.npmjs.org/iconv-lite 236ms (cache revalidated)
88 silly packumentCache full:https://registry.npmjs.org/iconv-lite set size:120557 disposed:false
89 silly fetch manifest etag@^1.8.1
90 silly packumentCache full:https://registry.npmjs.org/etag cache-miss
91 http fetch GET 200 https://registry.npmjs.org/http-errors 340ms (cache revalidated)
92 silly packumentCache full:https://registry.npmjs.org/http-errors set size:71987 disposed:false
93 silly fetch manifest once@^1.4.0
94 silly packumentCache full:https://registry.npmjs.org/once cache-miss
95 http fetch GET 200 https://registry.npmjs.org/on-finished 334ms (cache revalidated)
96 silly packumentCache full:https://registry.npmjs.org/on-finished set size:23212 disposed:false
97 silly fetch manifest send@^1.1.0
98 silly packumentCache full:https://registry.npmjs.org/send cache-miss
99 http fetch GET 200 https://registry.npmjs.org/content-type 386ms (cache revalidated)
100 silly packumentCache full:https://registry.npmjs.org/content-type set size:18994 disposed:false
101 silly fetch manifest vary@^1.1.2
102 silly packumentCache full:https://registry.npmjs.org/vary cache-miss
103 http fetch GET 200 https://registry.npmjs.org/object-assign 358ms (cache revalidated)
104 silly packumentCache full:https://registry.npmjs.org/object-assign set size:28988 disposed:false
105 silly fetch manifest debug@^4.4.0
106 silly packumentCache full:https://registry.npmjs.org/debug cache-hit
107 silly fetch manifest fresh@^2.0.0
108 silly packumentCache full:https://registry.npmjs.org/fresh cache-miss
109 http fetch GET 200 https://registry.npmjs.org/vary 362ms (cache revalidated)
110 silly packumentCache full:https://registry.npmjs.org/vary set size:15994 disposed:false
111 silly fetch manifest cookie@^0.7.1
112 silly packumentCache full:https://registry.npmjs.org/cookie cache-miss
113 http fetch GET 200 https://registry.npmjs.org/depd 356ms (cache revalidated)
114 silly packumentCache full:https://registry.npmjs.org/depd set size:40182 disposed:false
115 silly fetch manifest router@^2.2.0
116 silly packumentCache full:https://registry.npmjs.org/router cache-miss
117 http fetch GET 200 https://registry.npmjs.org/etag 317ms (cache revalidated)
118 silly packumentCache full:https://registry.npmjs.org/etag set size:30032 disposed:false
119 silly fetch manifest accepts@^2.0.0
120 silly packumentCache full:https://registry.npmjs.org/accepts cache-miss
121 http fetch GET 200 https://registry.npmjs.org/once 246ms (cache revalidated)
122 silly packumentCache full:https://registry.npmjs.org/once set size:11752 disposed:false
123 silly fetch manifest parseurl@^1.3.3
124 silly packumentCache full:https://registry.npmjs.org/parseurl cache-miss
125 http fetch GET 200 https://registry.npmjs.org/send 295ms (cache revalidated)
126 silly packumentCache full:https://registry.npmjs.org/send set size:152810 disposed:false
127 silly fetch manifest statuses@^2.0.1
128 silly packumentCache full:https://registry.npmjs.org/statuses cache-miss
129 http fetch GET 200 https://registry.npmjs.org/vary 268ms (cache revalidated)
130 silly packumentCache full:https://registry.npmjs.org/vary set size:15994 disposed:false
131 silly packumentCache full:https://registry.npmjs.org/vary dispose
132 silly fetch manifest encodeurl@^2.0.0
133 silly packumentCache full:https://registry.npmjs.org/encodeurl cache-miss
134 http fetch GET 200 https://registry.npmjs.org/fresh 271ms (cache revalidated)
135 silly packumentCache full:https://registry.npmjs.org/fresh set size:25427 disposed:false
136 silly fetch manifest mime-types@^3.0.0
137 silly packumentCache full:https://registry.npmjs.org/mime-types cache-miss
138 http fetch GET 200 https://registry.npmjs.org/cookie 271ms (cache revalidated)
139 silly packumentCache full:https://registry.npmjs.org/cookie set size:72891 disposed:false
140 silly fetch manifest proxy-addr@^2.0.7
141 silly packumentCache full:https://registry.npmjs.org/proxy-addr cache-miss
142 http fetch GET 200 https://registry.npmjs.org/router 291ms (cache revalidated)
143 silly packumentCache full:https://registry.npmjs.org/router set size:116499 disposed:false
144 silly fetch manifest escape-html@^1.0.3
145 silly packumentCache full:https://registry.npmjs.org/escape-html cache-miss
146 http fetch GET 200 https://registry.npmjs.org/accepts 301ms (cache revalidated)
147 silly packumentCache full:https://registry.npmjs.org/accepts set size:77054 disposed:false
148 silly fetch manifest finalhandler@^2.1.0
149 silly packumentCache full:https://registry.npmjs.org/finalhandler cache-miss
150 http fetch GET 200 https://registry.npmjs.org/parseurl 286ms (cache revalidated)
151 silly packumentCache full:https://registry.npmjs.org/parseurl set size:24148 disposed:false
152 silly fetch manifest range-parser@^1.2.1
153 silly packumentCache full:https://registry.npmjs.org/range-parser cache-miss
154 http fetch GET 200 https://registry.npmjs.org/statuses 273ms (cache revalidated)
155 silly packumentCache full:https://registry.npmjs.org/statuses set size:37117 disposed:false
156 silly fetch manifest serve-static@^2.2.0
157 silly packumentCache full:https://registry.npmjs.org/serve-static cache-miss
158 http fetch GET 200 https://registry.npmjs.org/mime-types 257ms (cache revalidated)
159 silly packumentCache full:https://registry.npmjs.org/mime-types set size:139110 disposed:false
160 silly fetch manifest cookie-signature@^1.2.1
161 silly packumentCache full:https://registry.npmjs.org/cookie-signature cache-miss
162 http fetch GET 200 https://registry.npmjs.org/encodeurl 333ms (cache revalidated)
163 silly packumentCache full:https://registry.npmjs.org/encodeurl set size:12296 disposed:false
164 silly fetch manifest merge-descriptors@^2.0.0
165 silly packumentCache full:https://registry.npmjs.org/merge-descriptors cache-miss
166 http fetch GET 200 https://registry.npmjs.org/finalhandler 248ms (cache revalidated)
167 silly packumentCache full:https://registry.npmjs.org/finalhandler set size:79291 disposed:false
168 silly fetch manifest content-disposition@^1.0.0
169 silly packumentCache full:https://registry.npmjs.org/content-disposition cache-miss
170 http fetch GET 200 https://registry.npmjs.org/proxy-addr 320ms (cache revalidated)
171 silly packumentCache full:https://registry.npmjs.org/proxy-addr set size:61619 disposed:false
172 http fetch GET 200 https://registry.npmjs.org/escape-html 287ms (cache revalidated)
173 silly packumentCache full:https://registry.npmjs.org/escape-html set size:7345 disposed:false
174 http fetch GET 200 https://registry.npmjs.org/range-parser 263ms (cache revalidated)
175 silly packumentCache full:https://registry.npmjs.org/range-parser set size:22228 disposed:false
176 http fetch GET 200 https://registry.npmjs.org/serve-static 293ms (cache revalidated)
177 silly packumentCache full:https://registry.npmjs.org/serve-static set size:150391 disposed:false
178 http fetch GET 200 https://registry.npmjs.org/cookie-signature 264ms (cache revalidated)
179 silly packumentCache full:https://registry.npmjs.org/cookie-signature set size:21777 disposed:false
180 http fetch GET 200 https://registry.npmjs.org/content-disposition 244ms (cache revalidated)
181 silly packumentCache full:https://registry.npmjs.org/content-disposition set size:40258 disposed:false
182 http fetch GET 200 https://registry.npmjs.org/merge-descriptors 273ms (cache revalidated)
183 silly packumentCache full:https://registry.npmjs.org/merge-descriptors set size:16527 disposed:false
184 silly placeDep ROOT follow-redirects@1.16.0 OK for: axios@1.16.1 want: ^1.16.0
185 silly placeDep ROOT form-data@4.0.5 OK for: axios@1.16.1 want: ^4.0.5
186 silly placeDep ROOT https-proxy-agent@5.0.1 OK for: axios@1.16.1 want: ^5.0.1
187 silly placeDep ROOT proxy-from-env@2.1.0 OK for: axios@1.16.1 want: ^2.1.0
188 silly fetch manifest asynckit@^0.4.0
189 silly packumentCache full:https://registry.npmjs.org/asynckit cache-miss
190 silly fetch manifest combined-stream@^1.0.8
191 silly packumentCache full:https://registry.npmjs.org/combined-stream cache-miss
192 silly fetch manifest es-set-tostringtag@^2.1.0
193 silly packumentCache full:https://registry.npmjs.org/es-set-tostringtag cache-miss
194 silly fetch manifest hasown@^2.0.2
195 silly packumentCache full:https://registry.npmjs.org/hasown cache-miss
196 silly fetch manifest mime-types@^2.1.12
197 silly packumentCache full:https://registry.npmjs.org/mime-types cache-hit
198 silly fetch manifest debug@4
199 silly packumentCache full:https://registry.npmjs.org/debug cache-hit
200 silly fetch manifest agent-base@6
201 silly packumentCache full:https://registry.npmjs.org/agent-base cache-miss
202 http fetch GET 200 https://registry.npmjs.org/asynckit 261ms (cache revalidated)
203 silly packumentCache full:https://registry.npmjs.org/asynckit set size:18932 disposed:false
204 http fetch GET 200 https://registry.npmjs.org/combined-stream 268ms (cache revalidated)
205 silly packumentCache full:https://registry.npmjs.org/combined-stream set size:40337 disposed:false
206 http fetch GET 200 https://registry.npmjs.org/es-set-tostringtag 286ms (cache revalidated)
207 silly packumentCache full:https://registry.npmjs.org/es-set-tostringtag set size:22094 disposed:false
208 http fetch GET 200 https://registry.npmjs.org/hasown 300ms (cache revalidated)
209 silly packumentCache full:https://registry.npmjs.org/hasown set size:15429 disposed:false
210 http fetch GET 200 https://registry.npmjs.org/agent-base 303ms (cache revalidated)
211 silly packumentCache full:https://registry.npmjs.org/agent-base set size:72085 disposed:false
212 silly placeDep ROOT bytes@3.1.2 OK for: body-parser@2.2.2 want: ^3.1.2
213 silly placeDep ROOT content-type@1.0.5 OK for: body-parser@2.2.2 want: ^1.0.5
214 silly placeDep ROOT debug@4.4.3 OK for: body-parser@2.2.2 want: ^4.4.3
215 silly placeDep ROOT http-errors@2.0.1 OK for: body-parser@2.2.2 want: ^2.0.0
216 silly placeDep ROOT iconv-lite@0.7.2 OK for: body-parser@2.2.2 want: ^0.7.0
217 silly placeDep ROOT on-finished@2.4.1 OK for: body-parser@2.2.2 want: ^2.4.1
218 silly placeDep ROOT qs@6.15.1 OK for: body-parser@2.2.2 want: ^6.14.1
219 silly placeDep ROOT raw-body@3.0.2 OK for: body-parser@2.2.2 want: ^3.0.1
220 silly placeDep ROOT type-is@2.1.0 OK for: body-parser@2.2.2 want: ^2.0.1
221 silly fetch manifest ms@^2.1.3
222 silly packumentCache full:https://registry.npmjs.org/ms cache-miss
223 silly fetch manifest depd@~2.0.0
224 silly packumentCache full:https://registry.npmjs.org/depd cache-hit
225 silly fetch manifest inherits@~2.0.4
226 silly packumentCache full:https://registry.npmjs.org/inherits cache-miss
227 silly fetch manifest setprototypeof@~1.2.0
228 silly packumentCache full:https://registry.npmjs.org/setprototypeof cache-miss
229 silly fetch manifest statuses@~2.0.2
230 silly packumentCache full:https://registry.npmjs.org/statuses cache-hit
231 silly fetch manifest toidentifier@~1.0.1
232 silly packumentCache full:https://registry.npmjs.org/toidentifier cache-miss
233 silly fetch manifest safer-buffer@>= 2.1.2 < 3.0.0
234 silly packumentCache full:https://registry.npmjs.org/safer-buffer cache-miss
235 silly fetch manifest ee-first@1.1.1
236 silly packumentCache full:https://registry.npmjs.org/ee-first cache-miss
237 silly fetch manifest side-channel@^1.1.0
238 silly packumentCache full:https://registry.npmjs.org/side-channel cache-miss
239 http fetch GET 200 https://registry.npmjs.org/inherits 297ms (cache revalidated)
240 silly packumentCache full:https://registry.npmjs.org/inherits set size:12925 disposed:false
241 silly fetch manifest unpipe@~1.0.0
242 silly packumentCache full:https://registry.npmjs.org/unpipe cache-miss
243 http fetch GET 200 https://registry.npmjs.org/ee-first 295ms (cache revalidated)
244 silly packumentCache full:https://registry.npmjs.org/ee-first set size:15327 disposed:false
245 silly fetch manifest content-type@^2.0.0
246 silly packumentCache full:https://registry.npmjs.org/content-type cache-hit
247 silly fetch manifest media-typer@^1.1.0
248 silly packumentCache full:https://registry.npmjs.org/media-typer cache-miss
249 http fetch GET 200 https://registry.npmjs.org/side-channel 318ms (cache revalidated)
250 silly packumentCache full:https://registry.npmjs.org/side-channel set size:24660 disposed:false
251 http fetch GET 200 https://registry.npmjs.org/safer-buffer 328ms (cache revalidated)
252 silly packumentCache full:https://registry.npmjs.org/safer-buffer set size:18521 disposed:false
253 http fetch GET 200 https://registry.npmjs.org/setprototypeof 338ms (cache revalidated)
254 silly packumentCache full:https://registry.npmjs.org/setprototypeof set size:14532 disposed:false
255 http fetch GET 200 https://registry.npmjs.org/toidentifier 342ms (cache revalidated)
256 silly packumentCache full:https://registry.npmjs.org/toidentifier set size:12006 disposed:false
257 http fetch GET 200 https://registry.npmjs.org/ms 359ms (cache revalidated)
258 silly packumentCache full:https://registry.npmjs.org/ms set size:92208 disposed:false
259 http fetch GET 200 https://registry.npmjs.org/unpipe 406ms (cache revalidated)
260 silly packumentCache full:https://registry.npmjs.org/unpipe set size:3609 disposed:false
261 http fetch GET 200 https://registry.npmjs.org/media-typer 405ms (cache revalidated)
262 silly packumentCache full:https://registry.npmjs.org/media-typer set size:20873 disposed:false
263 silly placeDep ROOT object-assign@4.1.1 OK for: cors@2.8.6 want: ^4
264 silly placeDep ROOT vary@1.1.2 OK for: cors@2.8.6 want: ^1
265 silly placeDep ROOT ms@2.1.3 OK for: debug@4.4.3 want: ^2.1.3
266 silly placeDep ROOT accepts@2.0.0 OK for: express@5.2.1 want: ^2.0.0
267 silly placeDep ROOT content-disposition@1.1.0 OK for: express@5.2.1 want: ^1.0.0
268 silly placeDep ROOT cookie@0.7.2 OK for: express@5.2.1 want: ^0.7.1
269 silly placeDep ROOT cookie-signature@1.2.2 OK for: express@5.2.1 want: ^1.2.1
270 silly placeDep ROOT depd@2.0.0 OK for: express@5.2.1 want: ^2.0.0
271 silly placeDep ROOT encodeurl@2.0.0 OK for: express@5.2.1 want: ^2.0.0
272 silly placeDep ROOT escape-html@1.0.3 OK for: express@5.2.1 want: ^1.0.3
273 silly placeDep ROOT etag@1.8.1 OK for: express@5.2.1 want: ^1.8.1
274 silly placeDep ROOT finalhandler@2.1.1 OK for: express@5.2.1 want: ^2.1.0
275 silly placeDep ROOT fresh@2.0.0 OK for: express@5.2.1 want: ^2.0.0
276 silly placeDep ROOT merge-descriptors@2.0.0 OK for: express@5.2.1 want: ^2.0.0
277 silly placeDep ROOT mime-types@3.0.2 OK for: express@5.2.1 want: ^3.0.0
278 silly placeDep ROOT once@1.4.0 OK for: express@5.2.1 want: ^1.4.0
279 silly placeDep ROOT parseurl@1.3.3 OK for: express@5.2.1 want: ^1.3.3
280 silly placeDep ROOT proxy-addr@2.0.7 OK for: express@5.2.1 want: ^2.0.7
281 silly placeDep ROOT range-parser@1.2.1 OK for: express@5.2.1 want: ^1.2.1
282 silly placeDep ROOT router@2.2.0 OK for: express@5.2.1 want: ^2.2.0
283 silly placeDep ROOT send@1.2.1 OK for: express@5.2.1 want: ^1.1.0
284 silly placeDep ROOT serve-static@2.2.1 OK for: express@5.2.1 want: ^2.2.0
285 silly placeDep ROOT statuses@2.0.2 OK for: express@5.2.1 want: ^2.0.1
286 silly fetch manifest negotiator@^1.0.0
287 silly packumentCache full:https://registry.npmjs.org/negotiator cache-miss
288 silly fetch manifest mime-db@^1.54.0
289 silly packumentCache full:https://registry.npmjs.org/mime-db cache-miss
290 silly fetch manifest wrappy@1
291 silly packumentCache full:https://registry.npmjs.org/wrappy cache-miss
292 silly fetch manifest forwarded@0.2.0
293 silly packumentCache full:https://registry.npmjs.org/forwarded cache-miss
294 silly fetch manifest ipaddr.js@1.9.1
295 silly packumentCache full:https://registry.npmjs.org/ipaddr.js cache-miss
296 silly fetch manifest is-promise@^4.0.0
297 silly packumentCache full:https://registry.npmjs.org/is-promise cache-miss
298 silly fetch manifest path-to-regexp@^8.0.0
299 silly packumentCache full:https://registry.npmjs.org/path-to-regexp cache-miss
300 http fetch GET 200 https://registry.npmjs.org/ipaddr.js 305ms (cache revalidated)
301 silly packumentCache full:https://registry.npmjs.org/ipaddr.js set size:69563 disposed:false
302 silly fetch manifest statuses@^2.0.2
303 silly packumentCache full:https://registry.npmjs.org/statuses cache-hit
304 http fetch GET 200 https://registry.npmjs.org/forwarded 317ms (cache revalidated)
305 silly packumentCache full:https://registry.npmjs.org/forwarded set size:11229 disposed:false
306 http fetch GET 200 https://registry.npmjs.org/wrappy 321ms (cache revalidated)
307 silly packumentCache full:https://registry.npmjs.org/wrappy set size:7682 disposed:false
308 http fetch GET 200 https://registry.npmjs.org/negotiator 331ms (cache revalidated)
309 silly packumentCache full:https://registry.npmjs.org/negotiator set size:48046 disposed:false
310 http fetch GET 200 https://registry.npmjs.org/path-to-regexp 328ms (cache revalidated)
311 silly packumentCache full:https://registry.npmjs.org/path-to-regexp set size:216334 disposed:false
312 http fetch GET 200 https://registry.npmjs.org/is-promise 338ms (cache revalidated)
313 silly packumentCache full:https://registry.npmjs.org/is-promise set size:18599 disposed:false
314 http fetch GET 200 https://registry.npmjs.org/mime-db 358ms (cache revalidated)
315 silly packumentCache full:https://registry.npmjs.org/mime-db set size:164953 disposed:false
316 silly placeDep ROOT negotiator@1.0.0 OK for: accepts@2.0.0 want: ^1.0.0
317 silly placeDep ROOT asynckit@0.4.0 OK for: form-data@4.0.5 want: ^0.4.0
318 silly placeDep ROOT combined-stream@1.0.8 OK for: form-data@4.0.5 want: ^1.0.8
319 silly placeDep ROOT es-set-tostringtag@2.1.0 OK for: form-data@4.0.5 want: ^2.1.0
320 silly placeDep ROOT hasown@2.0.3 OK for: form-data@4.0.5 want: ^2.0.2
321 silly placeDep node_modules/form-data mime-types@2.1.35 OK for: form-data@4.0.5 want: ^2.1.12
322 silly fetch manifest delayed-stream@~1.0.0
323 silly packumentCache full:https://registry.npmjs.org/delayed-stream cache-miss
324 silly fetch manifest es-errors@^1.3.0
325 silly packumentCache full:https://registry.npmjs.org/es-errors cache-miss
326 silly fetch manifest get-intrinsic@^1.2.6
327 silly packumentCache full:https://registry.npmjs.org/get-intrinsic cache-miss
328 silly fetch manifest has-tostringtag@^1.0.2
329 silly packumentCache full:https://registry.npmjs.org/has-tostringtag cache-miss
330 silly fetch manifest function-bind@^1.1.2
331 silly packumentCache full:https://registry.npmjs.org/function-bind cache-miss
332 silly fetch manifest mime-db@1.52.0
333 silly packumentCache full:https://registry.npmjs.org/mime-db cache-hit
334 http fetch GET 200 https://registry.npmjs.org/delayed-stream 255ms (cache revalidated)
335 silly packumentCache full:https://registry.npmjs.org/delayed-stream set size:15820 disposed:false
336 http fetch GET 200 https://registry.npmjs.org/es-errors 264ms (cache revalidated)
337 silly packumentCache full:https://registry.npmjs.org/es-errors set size:16918 disposed:false
338 http fetch GET 200 https://registry.npmjs.org/function-bind 275ms (cache revalidated)
339 silly packumentCache full:https://registry.npmjs.org/function-bind set size:15733 disposed:false
340 http fetch GET 200 https://registry.npmjs.org/has-tostringtag 280ms (cache revalidated)
341 silly packumentCache full:https://registry.npmjs.org/has-tostringtag set size:13945 disposed:false
342 http fetch GET 200 https://registry.npmjs.org/get-intrinsic 287ms (cache revalidated)
343 silly packumentCache full:https://registry.npmjs.org/get-intrinsic set size:60985 disposed:false
344 silly placeDep ROOT delayed-stream@1.0.0 OK for: combined-stream@1.0.8 want: ~1.0.0
345 silly placeDep ROOT es-errors@1.3.0 OK for: es-set-tostringtag@2.1.0 want: ^1.3.0
346 silly placeDep ROOT get-intrinsic@1.3.0 OK for: es-set-tostringtag@2.1.0 want: ^1.2.6
347 silly placeDep ROOT has-tostringtag@1.0.2 OK for: es-set-tostringtag@2.1.0 want: ^1.0.2
348 silly fetch manifest gopd@^1.2.0
349 silly packumentCache full:https://registry.npmjs.org/gopd cache-miss
350 silly fetch manifest get-proto@^1.0.1
351 silly packumentCache full:https://registry.npmjs.org/get-proto cache-miss
352 silly fetch manifest has-symbols@^1.1.0
353 silly packumentCache full:https://registry.npmjs.org/has-symbols cache-miss
354 silly fetch manifest es-object-atoms@^1.1.1
355 silly packumentCache full:https://registry.npmjs.org/es-object-atoms cache-miss
356 silly fetch manifest math-intrinsics@^1.1.0
357 silly packumentCache full:https://registry.npmjs.org/math-intrinsics cache-miss
358 silly fetch manifest es-define-property@^1.0.1
359 silly packumentCache full:https://registry.npmjs.org/es-define-property cache-miss
360 silly fetch manifest call-bind-apply-helpers@^1.0.2
361 silly packumentCache full:https://registry.npmjs.org/call-bind-apply-helpers cache-miss
362 http fetch GET 200 https://registry.npmjs.org/es-define-property 330ms (cache revalidated)
363 silly packumentCache full:https://registry.npmjs.org/es-define-property set size:8542 disposed:false
364 silly fetch manifest has-symbols@^1.0.3
365 silly packumentCache full:https://registry.npmjs.org/has-symbols cache-miss
366 http fetch GET 200 https://registry.npmjs.org/math-intrinsics 337ms (cache revalidated)
367 silly packumentCache full:https://registry.npmjs.org/math-intrinsics set size:9265 disposed:false
368 http fetch GET 200 https://registry.npmjs.org/get-proto 345ms (cache revalidated)
369 silly packumentCache full:https://registry.npmjs.org/get-proto set size:8300 disposed:false
370 http fetch GET 200 https://registry.npmjs.org/call-bind-apply-helpers 341ms (cache revalidated)
371 silly packumentCache full:https://registry.npmjs.org/call-bind-apply-helpers set size:12744 disposed:false
372 http fetch GET 200 https://registry.npmjs.org/es-object-atoms 348ms (cache revalidated)
373 silly packumentCache full:https://registry.npmjs.org/es-object-atoms set size:15304 disposed:false
374 http fetch GET 200 https://registry.npmjs.org/gopd 356ms (cache revalidated)
375 silly packumentCache full:https://registry.npmjs.org/gopd set size:11458 disposed:false
376 http fetch GET 200 https://registry.npmjs.org/has-symbols 358ms (cache revalidated)
377 silly packumentCache full:https://registry.npmjs.org/has-symbols set size:21550 disposed:false
378 http cache https://registry.npmjs.org/has-symbols 40ms (cache hit)
379 silly packumentCache full:https://registry.npmjs.org/has-symbols set size:21550 disposed:false
380 silly packumentCache full:https://registry.npmjs.org/has-symbols dispose
381 silly placeDep ROOT call-bind-apply-helpers@1.0.2 OK for: get-intrinsic@1.3.0 want: ^1.0.2
382 silly placeDep ROOT es-define-property@1.0.1 OK for: get-intrinsic@1.3.0 want: ^1.0.1
383 silly placeDep ROOT es-object-atoms@1.1.1 OK for: get-intrinsic@1.3.0 want: ^1.1.1
384 silly placeDep ROOT function-bind@1.1.2 OK for: get-intrinsic@1.3.0 want: ^1.1.2
385 silly placeDep ROOT get-proto@1.0.1 OK for: get-intrinsic@1.3.0 want: ^1.0.1
386 silly placeDep ROOT gopd@1.2.0 OK for: get-intrinsic@1.3.0 want: ^1.2.0
387 silly placeDep ROOT has-symbols@1.1.0 OK for: get-intrinsic@1.3.0 want: ^1.1.0
388 silly placeDep ROOT math-intrinsics@1.1.0 OK for: get-intrinsic@1.3.0 want: ^1.1.0
389 silly fetch manifest dunder-proto@^1.0.1
390 silly packumentCache full:https://registry.npmjs.org/dunder-proto cache-miss
391 http fetch GET 200 https://registry.npmjs.org/dunder-proto 242ms (cache revalidated)
392 silly packumentCache full:https://registry.npmjs.org/dunder-proto set size:8256 disposed:false
393 silly placeDep ROOT dunder-proto@1.0.1 OK for: get-proto@1.0.1 want: ^1.0.1
394 silly placeDep ROOT inherits@2.0.4 OK for: http-errors@2.0.1 want: ~2.0.4
395 silly placeDep ROOT setprototypeof@1.2.0 OK for: http-errors@2.0.1 want: ~1.2.0
396 silly placeDep ROOT toidentifier@1.0.1 OK for: http-errors@2.0.1 want: ~1.0.1
397 silly placeDep ROOT agent-base@6.0.2 OK for: https-proxy-agent@5.0.1 want: 6
398 silly placeDep ROOT safer-buffer@2.1.2 OK for: iconv-lite@0.7.2 want: >= 2.1.2 < 3.0.0
399 silly placeDep ROOT mime-db@1.54.0 OK for: mime-types@3.0.2 want: ^1.54.0
400 silly placeDep ROOT ee-first@1.1.1 OK for: on-finished@2.4.1 want: 1.1.1
401 silly placeDep ROOT wrappy@1.0.2 OK for: once@1.4.0 want: 1
402 silly placeDep ROOT forwarded@0.2.0 OK for: proxy-addr@2.0.7 want: 0.2.0
403 silly placeDep ROOT ipaddr.js@1.9.1 OK for: proxy-addr@2.0.7 want: 1.9.1
404 silly placeDep ROOT side-channel@1.1.0 OK for: qs@6.15.1 want: ^1.1.0
405 silly fetch manifest object-inspect@^1.13.3
406 silly packumentCache full:https://registry.npmjs.org/object-inspect cache-miss
407 silly fetch manifest side-channel-list@^1.0.0
408 silly packumentCache full:https://registry.npmjs.org/side-channel-list cache-miss
409 silly fetch manifest side-channel-map@^1.0.1
410 silly packumentCache full:https://registry.npmjs.org/side-channel-map cache-miss
411 silly fetch manifest side-channel-weakmap@^1.0.2
412 silly packumentCache full:https://registry.npmjs.org/side-channel-weakmap cache-miss
413 http fetch GET 200 https://registry.npmjs.org/side-channel-list 308ms (cache revalidated)
414 silly packumentCache full:https://registry.npmjs.org/side-channel-list set size:9021 disposed:false
415 http fetch GET 200 https://registry.npmjs.org/side-channel-map 314ms (cache revalidated)
416 silly packumentCache full:https://registry.npmjs.org/side-channel-map set size:9126 disposed:false
417 http fetch GET 200 https://registry.npmjs.org/side-channel-weakmap 316ms (cache revalidated)
418 silly packumentCache full:https://registry.npmjs.org/side-channel-weakmap set size:12620 disposed:false
419 http fetch GET 200 https://registry.npmjs.org/object-inspect 343ms (cache revalidated)
420 silly packumentCache full:https://registry.npmjs.org/object-inspect set size:101912 disposed:false
421 silly placeDep ROOT unpipe@1.0.0 OK for: raw-body@3.0.2 want: ~1.0.0
422 silly placeDep ROOT is-promise@4.0.0 OK for: router@2.2.0 want: ^4.0.0
423 silly placeDep ROOT path-to-regexp@8.4.2 OK for: router@2.2.0 want: ^8.0.0
424 silly placeDep ROOT object-inspect@1.13.4 OK for: side-channel@1.1.0 want: ^1.13.3
425 silly placeDep ROOT side-channel-list@1.0.1 OK for: side-channel@1.1.0 want: ^1.0.0
426 silly placeDep ROOT side-channel-map@1.0.1 OK for: side-channel@1.1.0 want: ^1.0.1
427 silly placeDep ROOT side-channel-weakmap@1.0.2 OK for: side-channel@1.1.0 want: ^1.0.2
428 silly fetch manifest call-bound@^1.0.2
429 silly packumentCache full:https://registry.npmjs.org/call-bound cache-miss
430 silly fetch manifest call-bound@^1.0.2
431 silly packumentCache full:https://registry.npmjs.org/call-bound cache-miss
432 http fetch GET 200 https://registry.npmjs.org/call-bound 251ms (cache revalidated)
433 silly packumentCache full:https://registry.npmjs.org/call-bound set size:15317 disposed:false
434 http fetch GET 200 https://registry.npmjs.org/call-bound 264ms (cache revalidated)
435 silly packumentCache full:https://registry.npmjs.org/call-bound set size:15317 disposed:false
436 silly packumentCache full:https://registry.npmjs.org/call-bound dispose
437 silly placeDep ROOT call-bound@1.0.4 OK for: side-channel-map@1.0.1 want: ^1.0.2
438 silly placeDep node_modules/type-is content-type@2.0.0 OK for: type-is@2.1.0 want: ^2.0.0
439 silly placeDep ROOT media-typer@1.1.0 OK for: type-is@2.1.0 want: ^1.1.0
440 silly placeDep node_modules/form-data mime-db@1.52.0 OK for: mime-types@2.1.35 want: 1.52.0
441 silly reify moves {}
442 silly audit bulk request {
442 silly audit   axios: [ '1.16.1' ],
442 silly audit   'body-parser': [ '2.2.2' ],
442 silly audit   cors: [ '2.8.6' ],
442 silly audit   express: [ '5.2.1' ],
442 silly audit   'follow-redirects': [ '1.16.0' ],
442 silly audit   'form-data': [ '4.0.5' ],
442 silly audit   'https-proxy-agent': [ '5.0.1' ],
442 silly audit   'proxy-from-env': [ '2.1.0' ],
442 silly audit   bytes: [ '3.1.2' ],
442 silly audit   'content-type': [ '1.0.5', '2.0.0' ],
442 silly audit   debug: [ '4.4.3' ],
442 silly audit   'http-errors': [ '2.0.1' ],
442 silly audit   'iconv-lite': [ '0.7.2' ],
442 silly audit   'on-finished': [ '2.4.1' ],
442 silly audit   qs: [ '6.15.1' ],
442 silly audit   'raw-body': [ '3.0.2' ],
442 silly audit   'type-is': [ '2.1.0' ],
442 silly audit   'object-assign': [ '4.1.1' ],
442 silly audit   vary: [ '1.1.2' ],
442 silly audit   ms: [ '2.1.3' ],
442 silly audit   accepts: [ '2.0.0' ],
442 silly audit   'content-disposition': [ '1.1.0' ],
442 silly audit   cookie: [ '0.7.2' ],
442 silly audit   'cookie-signature': [ '1.2.2' ],
442 silly audit   depd: [ '2.0.0' ],
442 silly audit   encodeurl: [ '2.0.0' ],
442 silly audit   'escape-html': [ '1.0.3' ],
442 silly audit   etag: [ '1.8.1' ],
442 silly audit   finalhandler: [ '2.1.1' ],
442 silly audit   fresh: [ '2.0.0' ],
442 silly audit   'merge-descriptors': [ '2.0.0' ],
442 silly audit   'mime-types': [ '3.0.2', '2.1.35' ],
442 silly audit   once: [ '1.4.0' ],
442 silly audit   parseurl: [ '1.3.3' ],
442 silly audit   'proxy-addr': [ '2.0.7' ],
442 silly audit   'range-parser': [ '1.2.1' ],
442 silly audit   router: [ '2.2.0' ],
442 silly audit   send: [ '1.2.1' ],
442 silly audit   'serve-static': [ '2.2.1' ],
442 silly audit   statuses: [ '2.0.2' ],
442 silly audit   negotiator: [ '1.0.0' ],
442 silly audit   asynckit: [ '0.4.0' ],
442 silly audit   'combined-stream': [ '1.0.8' ],
442 silly audit   'es-set-tostringtag': [ '2.1.0' ],
442 silly audit   hasown: [ '2.0.3' ],
442 silly audit   'delayed-stream': [ '1.0.0' ],
442 silly audit   'es-errors': [ '1.3.0' ],
442 silly audit   'get-intrinsic': [ '1.3.0' ],
442 silly audit   'has-tostringtag': [ '1.0.2' ],
442 silly audit   'call-bind-apply-helpers': [ '1.0.2' ],
442 silly audit   'es-define-property': [ '1.0.1' ],
442 silly audit   'es-object-atoms': [ '1.1.1' ],
442 silly audit   'function-bind': [ '1.1.2' ],
442 silly audit   'get-proto': [ '1.0.1' ],
442 silly audit   gopd: [ '1.2.0' ],
442 silly audit   'has-symbols': [ '1.1.0' ],
442 silly audit   'math-intrinsics': [ '1.1.0' ],
442 silly audit   'dunder-proto': [ '1.0.1' ],
442 silly audit   inherits: [ '2.0.4' ],
442 silly audit   setprototypeof: [ '1.2.0' ],
442 silly audit   toidentifier: [ '1.0.1' ],
442 silly audit   'agent-base': [ '6.0.2' ],
442 silly audit   'safer-buffer': [ '2.1.2' ],
442 silly audit   'mime-db': [ '1.54.0', '1.52.0' ],
442 silly audit   'ee-first': [ '1.1.1' ],
442 silly audit   wrappy: [ '1.0.2' ],
442 silly audit   forwarded: [ '0.2.0' ],
442 silly audit   'ipaddr.js': [ '1.9.1' ],
442 silly audit   'side-channel': [ '1.1.0' ],
442 silly audit   unpipe: [ '1.0.0' ],
442 silly audit   'is-promise': [ '4.0.0' ],
442 silly audit   'path-to-regexp': [ '8.4.2' ],
442 silly audit   'object-inspect': [ '1.13.4' ],
442 silly audit   'side-channel-list': [ '1.0.1' ],
442 silly audit   'side-channel-map': [ '1.0.1' ],
442 silly audit   'side-channel-weakmap': [ '1.0.2' ],
442 silly audit   'call-bound': [ '1.0.4' ],
442 silly audit   'media-typer': [ '1.1.0' ]
442 silly audit }
443 http cache side-channel-weakmap@https://registry.npmjs.org/side-channel-weakmap/-/side-channel-weakmap-1.0.2.tgz 0ms (cache hit)
444 http cache object-inspect@https://registry.npmjs.org/object-inspect/-/object-inspect-1.13.4.tgz 0ms (cache hit)
445 http cache side-channel-list@https://registry.npmjs.org/side-channel-list/-/side-channel-list-1.0.1.tgz 0ms (cache hit)
446 http cache call-bound@https://registry.npmjs.org/call-bound/-/call-bound-1.0.4.tgz 0ms (cache hit)
447 http cache is-promise@https://registry.npmjs.org/is-promise/-/is-promise-4.0.0.tgz 0ms (cache hit)
448 http cache ipaddr.js@https://registry.npmjs.org/ipaddr.js/-/ipaddr.js-1.9.1.tgz 0ms (cache hit)
449 http cache path-to-regexp@https://registry.npmjs.org/path-to-regexp/-/path-to-regexp-8.4.2.tgz 0ms (cache hit)
450 http cache side-channel@https://registry.npmjs.org/side-channel/-/side-channel-1.1.0.tgz 0ms (cache hit)
451 http cache ee-first@https://registry.npmjs.org/ee-first/-/ee-first-1.1.1.tgz 0ms (cache hit)
452 http cache forwarded@https://registry.npmjs.org/forwarded/-/forwarded-0.2.0.tgz 0ms (cache hit)
453 http cache media-typer@https://registry.npmjs.org/media-typer/-/media-typer-1.1.0.tgz 0ms (cache hit)
454 http cache side-channel-map@https://registry.npmjs.org/side-channel-map/-/side-channel-map-1.0.1.tgz 0ms (cache hit)
455 http cache wrappy@https://registry.npmjs.org/wrappy/-/wrappy-1.0.2.tgz 0ms (cache hit)
456 http cache mime-db@https://registry.npmjs.org/mime-db/-/mime-db-1.54.0.tgz 0ms (cache hit)
457 http cache toidentifier@https://registry.npmjs.org/toidentifier/-/toidentifier-1.0.1.tgz 0ms (cache hit)
458 http cache inherits@https://registry.npmjs.org/inherits/-/inherits-2.0.4.tgz 0ms (cache hit)
459 http cache safer-buffer@https://registry.npmjs.org/safer-buffer/-/safer-buffer-2.1.2.tgz 0ms (cache hit)
460 http cache es-define-property@https://registry.npmjs.org/es-define-property/-/es-define-property-1.0.1.tgz 0ms (cache hit)
461 http cache get-proto@https://registry.npmjs.org/get-proto/-/get-proto-1.0.1.tgz 0ms (cache hit)
462 http cache setprototypeof@https://registry.npmjs.org/setprototypeof/-/setprototypeof-1.2.0.tgz 0ms (cache hit)
463 http cache math-intrinsics@https://registry.npmjs.org/math-intrinsics/-/math-intrinsics-1.1.0.tgz 1ms (cache hit)
464 http cache gopd@https://registry.npmjs.org/gopd/-/gopd-1.2.0.tgz 0ms (cache hit)
465 http cache has-symbols@https://registry.npmjs.org/has-symbols/-/has-symbols-1.1.0.tgz 0ms (cache hit)
466 http cache es-object-atoms@https://registry.npmjs.org/es-object-atoms/-/es-object-atoms-1.1.1.tgz 0ms (cache hit)
467 http cache has-tostringtag@https://registry.npmjs.org/has-tostringtag/-/has-tostringtag-1.0.2.tgz 0ms (cache hit)
468 http cache dunder-proto@https://registry.npmjs.org/dunder-proto/-/dunder-proto-1.0.1.tgz 0ms (cache hit)
469 http cache function-bind@https://registry.npmjs.org/function-bind/-/function-bind-1.1.2.tgz 0ms (cache hit)
470 http cache hasown@https://registry.npmjs.org/hasown/-/hasown-2.0.3.tgz 0ms (cache hit)
471 http cache agent-base@https://registry.npmjs.org/agent-base/-/agent-base-6.0.2.tgz 0ms (cache hit)
472 http cache combined-stream@https://registry.npmjs.org/combined-stream/-/combined-stream-1.0.8.tgz 0ms (cache hit)
473 http cache get-intrinsic@https://registry.npmjs.org/get-intrinsic/-/get-intrinsic-1.3.0.tgz 0ms (cache hit)
474 http cache call-bind-apply-helpers@https://registry.npmjs.org/call-bind-apply-helpers/-/call-bind-apply-helpers-1.0.2.tgz 0ms (cache hit)
475 http cache negotiator@https://registry.npmjs.org/negotiator/-/negotiator-1.0.0.tgz 0ms (cache hit)
476 http cache delayed-stream@https://registry.npmjs.org/delayed-stream/-/delayed-stream-1.0.0.tgz 0ms (cache hit)
477 http cache serve-static@https://registry.npmjs.org/serve-static/-/serve-static-2.2.1.tgz 0ms (cache hit)
478 http cache es-set-tostringtag@https://registry.npmjs.org/es-set-tostringtag/-/es-set-tostringtag-2.1.0.tgz 0ms (cache hit)
479 http cache es-errors@https://registry.npmjs.org/es-errors/-/es-errors-1.3.0.tgz 0ms (cache hit)
480 http cache unpipe@https://registry.npmjs.org/unpipe/-/unpipe-1.0.0.tgz 0ms (cache hit)
481 http cache send@https://registry.npmjs.org/send/-/send-1.2.1.tgz 0ms (cache hit)
482 http cache range-parser@https://registry.npmjs.org/range-parser/-/range-parser-1.2.1.tgz 0ms (cache hit)
483 http cache statuses@https://registry.npmjs.org/statuses/-/statuses-2.0.2.tgz 0ms (cache hit)
484 http cache router@https://registry.npmjs.org/router/-/router-2.2.0.tgz 0ms (cache hit)
485 http cache once@https://registry.npmjs.org/once/-/once-1.4.0.tgz 0ms (cache hit)
486 http cache fresh@https://registry.npmjs.org/fresh/-/fresh-2.0.0.tgz 0ms (cache hit)
487 http cache escape-html@https://registry.npmjs.org/escape-html/-/escape-html-1.0.3.tgz 0ms (cache hit)
488 http cache merge-descriptors@https://registry.npmjs.org/merge-descriptors/-/merge-descriptors-2.0.0.tgz 0ms (cache hit)
489 http cache etag@https://registry.npmjs.org/etag/-/etag-1.8.1.tgz 0ms (cache hit)
490 http cache asynckit@https://registry.npmjs.org/asynckit/-/asynckit-0.4.0.tgz 0ms (cache hit)
491 http cache encodeurl@https://registry.npmjs.org/encodeurl/-/encodeurl-2.0.0.tgz 0ms (cache hit)
492 http cache mime-types@https://registry.npmjs.org/mime-types/-/mime-types-3.0.2.tgz 0ms (cache hit)
493 http cache cookie@https://registry.npmjs.org/cookie/-/cookie-0.7.2.tgz 0ms (cache hit)
494 http cache content-disposition@https://registry.npmjs.org/content-disposition/-/content-disposition-1.1.0.tgz 0ms (cache hit)
495 http cache proxy-addr@https://registry.npmjs.org/proxy-addr/-/proxy-addr-2.0.7.tgz 0ms (cache hit)
496 http cache accepts@https://registry.npmjs.org/accepts/-/accepts-2.0.0.tgz 0ms (cache hit)
497 http cache depd@https://registry.npmjs.org/depd/-/depd-2.0.0.tgz 0ms (cache hit)
498 http cache cookie-signature@https://registry.npmjs.org/cookie-signature/-/cookie-signature-1.2.2.tgz 0ms (cache hit)
499 http cache finalhandler@https://registry.npmjs.org/finalhandler/-/finalhandler-2.1.1.tgz 0ms (cache hit)
500 http cache ms@https://registry.npmjs.org/ms/-/ms-2.1.3.tgz 0ms (cache hit)
501 http cache object-assign@https://registry.npmjs.org/object-assign/-/object-assign-4.1.1.tgz 0ms (cache hit)
502 http cache type-is@https://registry.npmjs.org/type-is/-/type-is-2.1.0.tgz 0ms (cache hit)
503 http cache raw-body@https://registry.npmjs.org/raw-body/-/raw-body-3.0.2.tgz 0ms (cache hit)
504 http cache parseurl@https://registry.npmjs.org/parseurl/-/parseurl-1.3.3.tgz 1ms (cache hit)
505 http cache on-finished@https://registry.npmjs.org/on-finished/-/on-finished-2.4.1.tgz 0ms (cache hit)
506 http cache qs@https://registry.npmjs.org/qs/-/qs-6.15.1.tgz 0ms (cache hit)
507 http cache vary@https://registry.npmjs.org/vary/-/vary-1.1.2.tgz 0ms (cache hit)
508 http cache bytes@https://registry.npmjs.org/bytes/-/bytes-3.1.2.tgz 0ms (cache hit)
509 http cache debug@https://registry.npmjs.org/debug/-/debug-4.4.3.tgz 0ms (cache hit)
510 http cache iconv-lite@https://registry.npmjs.org/iconv-lite/-/iconv-lite-0.7.2.tgz 0ms (cache hit)
511 http cache proxy-from-env@https://registry.npmjs.org/proxy-from-env/-/proxy-from-env-2.1.0.tgz 1ms (cache hit)
512 http cache express@https://registry.npmjs.org/express/-/express-5.2.1.tgz 0ms (cache hit)
513 http cache cors@https://registry.npmjs.org/cors/-/cors-2.8.6.tgz 0ms (cache hit)
514 http cache http-errors@https://registry.npmjs.org/http-errors/-/http-errors-2.0.1.tgz 0ms (cache hit)
515 http cache form-data@https://registry.npmjs.org/form-data/-/form-data-4.0.5.tgz 0ms (cache hit)
516 http cache https-proxy-agent@https://registry.npmjs.org/https-proxy-agent/-/https-proxy-agent-5.0.1.tgz 0ms (cache hit)
517 http cache body-parser@https://registry.npmjs.org/body-parser/-/body-parser-2.2.2.tgz 0ms (cache hit)
518 http cache axios@https://registry.npmjs.org/axios/-/axios-1.16.1.tgz 1ms (cache hit)
519 http cache mime-db@https://registry.npmjs.org/mime-db/-/mime-db-1.52.0.tgz 0ms (cache hit)
520 http cache content-type@https://registry.npmjs.org/content-type/-/content-type-2.0.0.tgz 0ms (cache hit)
521 http cache follow-redirects@https://registry.npmjs.org/follow-redirects/-/follow-redirects-1.16.0.tgz 0ms (cache hit)
522 http cache mime-types@https://registry.npmjs.org/mime-types/-/mime-types-2.1.35.tgz 0ms (cache hit)
523 http cache content-type@https://registry.npmjs.org/content-type/-/content-type-1.0.5.tgz 0ms (cache hit)
524 http fetch POST 200 https://registry.npmjs.org/-/npm/v1/security/advisories/bulk 506ms
525 silly audit report {}
526 silly ADD node_modules/media-typer
527 silly ADD node_modules/call-bound
528 silly ADD node_modules/side-channel-weakmap
529 silly ADD node_modules/side-channel-map
530 silly ADD node_modules/side-channel-list
531 silly ADD node_modules/object-inspect
532 silly ADD node_modules/path-to-regexp
533 silly ADD node_modules/is-promise
534 silly ADD node_modules/unpipe
535 silly ADD node_modules/side-channel
536 silly ADD node_modules/ipaddr.js
537 silly ADD node_modules/forwarded
538 silly ADD node_modules/wrappy
539 silly ADD node_modules/ee-first
540 silly ADD node_modules/mime-db
541 silly ADD node_modules/safer-buffer
542 silly ADD node_modules/agent-base
543 silly ADD node_modules/toidentifier
544 silly ADD node_modules/setprototypeof
545 silly ADD node_modules/inherits
546 silly ADD node_modules/dunder-proto
547 silly ADD node_modules/math-intrinsics
548 silly ADD node_modules/has-symbols
549 silly ADD node_modules/gopd
550 silly ADD node_modules/get-proto
551 silly ADD node_modules/function-bind
552 silly ADD node_modules/es-object-atoms
553 silly ADD node_modules/es-define-property
554 silly ADD node_modules/call-bind-apply-helpers
555 silly ADD node_modules/has-tostringtag
556 silly ADD node_modules/get-intrinsic
557 silly ADD node_modules/es-errors
558 silly ADD node_modules/delayed-stream
559 silly ADD node_modules/hasown
560 silly ADD node_modules/es-set-tostringtag
561 silly ADD node_modules/combined-stream
562 silly ADD node_modules/asynckit
563 silly ADD node_modules/negotiator
564 silly ADD node_modules/statuses
565 silly ADD node_modules/serve-static
566 silly ADD node_modules/send
567 silly ADD node_modules/router
568 silly ADD node_modules/range-parser
569 silly ADD node_modules/proxy-addr
570 silly ADD node_modules/parseurl
571 silly ADD node_modules/once
572 silly ADD node_modules/mime-types
573 silly ADD node_modules/merge-descriptors
574 silly ADD node_modules/fresh
575 silly ADD node_modules/finalhandler
576 silly ADD node_modules/etag
577 silly ADD node_modules/escape-html
578 silly ADD node_modules/encodeurl
579 silly ADD node_modules/depd
580 silly ADD node_modules/cookie-signature
581 silly ADD node_modules/cookie
582 silly ADD node_modules/content-disposition
583 silly ADD node_modules/accepts
584 silly ADD node_modules/ms
585 silly ADD node_modules/vary
586 silly ADD node_modules/object-assign
587 silly ADD node_modules/type-is
588 silly ADD node_modules/type-is/node_modules/content-type
589 silly ADD node_modules/raw-body
590 silly ADD node_modules/qs
591 silly ADD node_modules/on-finished
592 silly ADD node_modules/iconv-lite
593 silly ADD node_modules/http-errors
594 silly ADD node_modules/debug
595 silly ADD node_modules/content-type
596 silly ADD node_modules/bytes
597 silly ADD node_modules/proxy-from-env
598 silly ADD node_modules/https-proxy-agent
599 silly ADD node_modules/form-data
600 silly ADD node_modules/form-data/node_modules/mime-db
601 silly ADD node_modules/form-data/node_modules/mime-types
602 silly ADD node_modules/follow-redirects
603 silly ADD node_modules/express
604 silly ADD node_modules/cors
605 silly ADD node_modules/body-parser
606 silly ADD node_modules/axios
607 verbose cwd /home/userland/humanity-pi-hub
608 verbose os Linux 5.10.198-android12-9-00085-g226a9632f13d-ab11136126
609 verbose node v24.14.1
610 verbose npm  v11.11.0
611 verbose exit 0
612 info ok
