0 verbose cli /usr/local/bin/node /usr/local/bin/npm
1 info using npm@11.11.0
2 info using node@v24.14.1
3 silly config load:file:/usr/local/lib/node_modules/npm/npmrc
4 silly config load:file:/home/userland/humanity-pi-hub/.npmrc
5 silly config load:file:/home/userland/.npmrc
6 silly config load:file:/usr/local/etc/npmrc
7 verbose title npm init
8 verbose argv "init" "--yes"
9 verbose logfile logs-max:10 dir:/home/userland/.npm/_logs/2026-05-16T19_17_44_437Z-
10 verbose logfile /home/userland/.npm/_logs/2026-05-16T19_17_44_437Z-debug-0.log
11 silly logfile start cleaning logs, removing 1 files
12 silly logfile done cleaning log files
13 silly package data {
13 silly package data   name: 'humanity-pi-hub',
13 silly package data   version: '1.0.0',
13 silly package data   description: '',
13 silly package data   main: 'index.js',
13 silly package data   scripts: { test: 'echo "Error: no test specified" && exit 1' },
13 silly package data   keywords: [],
13 silly package data   author: '',
13 silly package data   license: 'ISC',
13 silly package data   type: 'commonjs',
13 silly package data   dependencies: {
13 silly package data     axios: '^1.16.1',
13 silly package data     'body-parser': '^2.2.2',
13 silly package data     cors: '^2.8.6',
13 silly package data     express: '^5.2.1'
13 silly package data   },
13 silly package data   devDependencies: {},
13 silly package data   Symbol(newline): '\n',
13 silly package data   Symbol(indent): '  '
13 silly package data }
14 verbose cwd /home/userland/humanity-pi-hub
15 verbose os Linux 5.10.198-android12-9-00085-g226a9632f13d-ab11136126
16 verbose node v24.14.1
17 verbose npm  v11.11.0
18 verbose exit 0
19 info ok
