0 verbose cli /usr/local/bin/node /usr/local/bin/npm
1 info using npm@11.11.0
2 info using node@v24.14.1
3 silly config load:file:/usr/local/lib/node_modules/npm/npmrc
4 silly config load:file:/home/userland/humanity-pi-hub/.npmrc
5 silly config load:file:/home/userland/.npmrc
6 silly config load:file:/usr/local/etc/npmrc
7 verbose title npm install axios
8 verbose argv "install" "axios"
9 verbose logfile logs-max:10 dir:/home/userland/.npm/_logs/2026-05-16T21_52_07_851Z-
10 verbose logfile /home/userland/.npm/_logs/2026-05-16T21_52_07_851Z-debug-0.log
11 silly logfile start cleaning logs, removing 1 files
12 silly packumentCache heap:2348810240 maxSize:587202560 maxEntrySize:293601280
13 silly logfile done cleaning log files
14 silly idealTree buildDeps
15 silly fetch manifest axios@^1.16.1
16 silly packumentCache full:https://registry.npmjs.org/axios cache-miss
17 http fetch GET 200 https://registry.npmjs.org/axios 1814ms (cache revalidated)
18 silly packumentCache full:https://registry.npmjs.org/axios set size:820578 disposed:false
19 silly placeDep ROOT axios@1.16.1 REPLACE for: humanity-pi-hub@1.0.0 want: ^1.16.1
20 silly reify moves {}
21 silly audit bulk request {
21 silly audit   accepts: [ '2.0.0' ],
21 silly audit   'agent-base': [ '6.0.2' ],
21 silly audit   asynckit: [ '0.4.0' ],
21 silly audit   'body-parser': [ '2.2.2' ],
21 silly audit   bytes: [ '3.1.2' ],
21 silly audit   'call-bind-apply-helpers': [ '1.0.2' ],
21 silly audit   'call-bound': [ '1.0.4' ],
21 silly audit   'combined-stream': [ '1.0.8' ],
21 silly audit   'content-disposition': [ '1.1.0' ],
21 silly audit   'content-type': [ '1.0.5', '2.0.0' ],
21 silly audit   cookie: [ '0.7.2' ],
21 silly audit   'cookie-signature': [ '1.2.2' ],
21 silly audit   cors: [ '2.8.6' ],
21 silly audit   debug: [ '4.4.3' ],
21 silly audit   'delayed-stream': [ '1.0.0' ],
21 silly audit   depd: [ '2.0.0' ],
21 silly audit   'dunder-proto': [ '1.0.1' ],
21 silly audit   'ee-first': [ '1.1.1' ],
21 silly audit   encodeurl: [ '2.0.0' ],
21 silly audit   'es-define-property': [ '1.0.1' ],
21 silly audit   'es-errors': [ '1.3.0' ],
21 silly audit   'es-object-atoms': [ '1.1.1' ],
21 silly audit   'es-set-tostringtag': [ '2.1.0' ],
21 silly audit   'escape-html': [ '1.0.3' ],
21 silly audit   etag: [ '1.8.1' ],
21 silly audit   express: [ '5.2.1' ],
21 silly audit   finalhandler: [ '2.1.1' ],
21 silly audit   'follow-redirects': [ '1.16.0' ],
21 silly audit   'form-data': [ '4.0.5' ],
21 silly audit   'mime-db': [ '1.52.0', '1.54.0' ],
21 silly audit   'mime-types': [ '2.1.35', '3.0.2' ],
21 silly audit   forwarded: [ '0.2.0' ],
21 silly audit   fresh: [ '2.0.0' ],
21 silly audit   'function-bind': [ '1.1.2' ],
21 silly audit   'get-intrinsic': [ '1.3.0' ],
21 silly audit   'get-proto': [ '1.0.1' ],
21 silly audit   gopd: [ '1.2.0' ],
21 silly audit   'has-symbols': [ '1.1.0' ],
21 silly audit   'has-tostringtag': [ '1.0.2' ],
21 silly audit   hasown: [ '2.0.3' ],
21 silly audit   'http-errors': [ '2.0.1' ],
21 silly audit   'https-proxy-agent': [ '5.0.1' ],
21 silly audit   'iconv-lite': [ '0.7.2' ],
21 silly audit   inherits: [ '2.0.4' ],
21 silly audit   'ipaddr.js': [ '1.9.1' ],
21 silly audit   'is-promise': [ '4.0.0' ],
21 silly audit   'math-intrinsics': [ '1.1.0' ],
21 silly audit   'media-typer': [ '1.1.0' ],
21 silly audit   'merge-descriptors': [ '2.0.0' ],
21 silly audit   ms: [ '2.1.3' ],
21 silly audit   negotiator: [ '1.0.0' ],
21 silly audit   'object-assign': [ '4.1.1' ],
21 silly audit   'object-inspect': [ '1.13.4' ],
21 silly audit   'on-finished': [ '2.4.1' ],
21 silly audit   once: [ '1.4.0' ],
21 silly audit   parseurl: [ '1.3.3' ],
21 silly audit   'path-to-regexp': [ '8.4.2' ],
21 silly audit   'proxy-addr': [ '2.0.7' ],
21 silly audit   'proxy-from-env': [ '2.1.0' ],
21 silly audit   qs: [ '6.15.1' ],
21 silly audit   'range-parser': [ '1.2.1' ],
21 silly audit   'raw-body': [ '3.0.2' ],
21 silly audit   router: [ '2.2.0' ],
21 silly audit   'safer-buffer': [ '2.1.2' ],
21 silly audit   send: [ '1.2.1' ],
21 silly audit   'serve-static': [ '2.2.1' ],
21 silly audit   setprototypeof: [ '1.2.0' ],
21 silly audit   'side-channel': [ '1.1.0' ],
21 silly audit   'side-channel-list': [ '1.0.1' ],
21 silly audit   'side-channel-map': [ '1.0.1' ],
21 silly audit   'side-channel-weakmap': [ '1.0.2' ],
21 silly audit   statuses: [ '2.0.2' ],
21 silly audit   toidentifier: [ '1.0.1' ],
21 silly audit   'type-is': [ '2.1.0' ],
21 silly audit   unpipe: [ '1.0.0' ],
21 silly audit   vary: [ '1.1.2' ],
21 silly audit   wrappy: [ '1.0.2' ],
21 silly audit   axios: [ '1.16.1' ]
21 silly audit }
22 http fetch POST 200 https://registry.npmjs.org/-/npm/v1/security/advisories/bulk 364ms
23 silly audit report {}
24 verbose cwd /home/userland/humanity-pi-hub
25 verbose os Linux 5.10.198-android12-9-00085-g226a9632f13d-ab11136126
26 verbose node v24.14.1
27 verbose npm  v11.11.0
28 verbose exit 0
29 info ok
