0 verbose cli /usr/local/bin/node /usr/local/bin/npm
1 info using npm@11.11.0
2 info using node@v24.14.1
3 silly config load:file:/usr/local/lib/node_modules/npm/npmrc
4 silly config load:file:/home/userland/.npmrc
5 silly config load:file:/usr/local/etc/npmrc
6 verbose title npm start
7 verbose argv "start"
8 verbose logfile logs-max:10 dir:/home/userland/.npm/_logs/2026-05-15T22_29_44_344Z-
9 verbose logfile /home/userland/.npm/_logs/2026-05-15T22_29_44_344Z-debug-0.log
10 silly logfile start cleaning logs, removing 1 files
11 silly logfile done cleaning log files
12 verbose stack Error: Missing script: "start"
12 verbose stack
12 verbose stack Did you mean one of these?
12 verbose stack   npm star # Mark your favorite packages
12 verbose stack   npm stars # View packages marked as favorites
12 verbose stack
12 verbose stack To see a list of scripts, run:
12 verbose stack   npm run
12 verbose stack     at #run (/usr/local/lib/node_modules/npm/lib/commands/run.js:115:13)
12 verbose stack     at async RunScript.exec (/usr/local/lib/node_modules/npm/lib/commands/run.js:44:7)
12 verbose stack     at async Npm.exec (/usr/local/lib/node_modules/npm/lib/npm.js:209:9)
12 verbose stack     at async module.exports (/usr/local/lib/node_modules/npm/lib/cli/entry.js:67:5)
13 error Missing script: "start"
13 error
13 error Did you mean one of these?
13 error   npm star # Mark your favorite packages
13 error   npm stars # View packages marked as favorites
13 error
13 error To see a list of scripts, run:
13 error   npm run
14 verbose cwd /home/userland
15 verbose os Linux 5.10.198-android12-9-00085-g226a9632f13d-ab11136126
16 verbose node v24.14.1
17 verbose npm  v11.11.0
18 verbose exit 1
19 verbose code 1
20 error A complete log of this run can be found in: /home/userland/.npm/_logs/2026-05-15T22_29_44_344Z-debug-0.log
