0 verbose cli /usr/local/bin/node /usr/local/bin/npm
1 info using npm@11.11.0
2 info using node@v24.14.1
3 silly config load:file:/usr/local/lib/node_modules/npm/npmrc
4 silly config load:file:/home/userland/.npmrc
5 silly config load:file:/usr/local/etc/npmrc
6 verbose title npm install express body-parser cors axios
7 verbose argv "install" "express" "body-parser" "cors" "axios"
8 verbose logfile logs-max:10 dir:/home/userland/.npm/_logs/2026-05-16T18_34_16_742Z-
9 verbose logfile /home/userland/.npm/_logs/2026-05-16T18_34_16_742Z-debug-0.log
10 silly logfile start cleaning logs, removing 1 files
11 silly packumentCache heap:2348810240 maxSize:587202560 maxEntrySize:293601280
12 silly logfile done cleaning log files
13 silly idealTree buildDeps
14 silly fetch manifest express@*
15 silly packumentCache full:https://registry.npmjs.org/express cache-miss
16 http fetch GET https://registry.npmjs.org/express attempt 1 failed with ETIMEDOUT
17 http fetch GET 200 https://registry.npmjs.org/express 15337ms attempt #2 (cache updated)
18 silly packumentCache full:https://registry.npmjs.org/express set size:undefined disposed:false
19 silly fetch manifest body-parser@*
20 silly packumentCache full:https://registry.npmjs.org/body-parser cache-miss
21 http fetch GET 200 https://registry.npmjs.org/body-parser 292ms (cache updated)
22 silly packumentCache full:https://registry.npmjs.org/body-parser set size:undefined disposed:false
23 silly fetch manifest cors@*
24 silly packumentCache full:https://registry.npmjs.org/cors cache-miss
25 http fetch GET 200 https://registry.npmjs.org/cors 297ms (cache revalidated)
26 silly packumentCache full:https://registry.npmjs.org/cors set size:77956 disposed:false
27 silly fetch manifest axios@*
28 silly packumentCache full:https://registry.npmjs.org/axios cache-miss
29 http fetch GET 200 https://registry.npmjs.org/axios 356ms (cache updated)
30 silly packumentCache full:https://registry.npmjs.org/axios set size:undefined disposed:false
31 silly placeDep ROOT axios@1.16.1 OK for:  want: *
32 silly placeDep ROOT body-parser@2.2.2 OK for:  want: *
33 silly placeDep ROOT cors@2.8.6 OK for:  want: *
34 silly placeDep ROOT express@5.2.1 OK for:  want: *
35 silly fetch manifest follow-redirects@^1.16.0
36 silly packumentCache full:https://registry.npmjs.org/follow-redirects cache-miss
37 silly fetch manifest form-data@^4.0.5
38 silly packumentCache full:https://registry.npmjs.org/form-data cache-miss
39 silly fetch manifest https-proxy-agent@^5.0.1
40 silly packumentCache full:https://registry.npmjs.org/https-proxy-agent cache-miss
41 silly fetch manifest proxy-from-env@^2.1.0
42 silly packumentCache full:https://registry.npmjs.org/proxy-from-env cache-miss
43 silly fetch manifest qs@^6.14.1
44 silly packumentCache full:https://registry.npmjs.org/qs cache-miss
45 silly fetch manifest bytes@^3.1.2
46 silly packumentCache full:https://registry.npmjs.org/bytes cache-miss
47 silly fetch manifest type-is@^2.0.1
48 silly packumentCache full:https://registry.npmjs.org/type-is cache-miss
49 http fetch GET 200 https://registry.npmjs.org/https-proxy-agent 281ms (cache revalidated)
50 silly packumentCache full:https://registry.npmjs.org/https-proxy-agent set size:81258 disposed:false
51 silly fetch manifest raw-body@^3.0.1
52 silly packumentCache full:https://registry.npmjs.org/raw-body cache-miss
53 http fetch GET 200 https://registry.npmjs.org/raw-body 293ms (cache revalidated)
54 silly packumentCache full:https://registry.npmjs.org/raw-body set size:117822 disposed:false
55 silly fetch manifest iconv-lite@^0.7.0
56 silly packumentCache full:https://registry.npmjs.org/iconv-lite cache-miss
57 http fetch GET 200 https://registry.npmjs.org/iconv-lite 272ms (cache revalidated)
58 silly packumentCache full:https://registry.npmjs.org/iconv-lite set size:120557 disposed:false
59 silly fetch manifest http-errors@^2.0.0
60 silly packumentCache full:https://registry.npmjs.org/http-errors cache-miss
61 http fetch GET 200 https://registry.npmjs.org/follow-redirects 899ms (cache revalidated)
62 silly packumentCache full:https://registry.npmjs.org/follow-redirects set size:188945 disposed:false
63 silly fetch manifest on-finished@^2.4.1
64 silly packumentCache full:https://registry.npmjs.org/on-finished cache-miss
65 http fetch GET 200 https://registry.npmjs.org/bytes 933ms (cache revalidated)
66 silly packumentCache full:https://registry.npmjs.org/bytes set size:37018 disposed:false
67 silly fetch manifest content-type@^1.0.5
68 silly packumentCache full:https://registry.npmjs.org/content-type cache-miss
69 http fetch GET 200 https://registry.npmjs.org/proxy-from-env 957ms (cache revalidated)
70 silly packumentCache full:https://registry.npmjs.org/proxy-from-env set size:21422 disposed:false
71 silly fetch manifest object-assign@^4
72 silly packumentCache full:https://registry.npmjs.org/object-assign cache-miss
73 http fetch GET 200 https://registry.npmjs.org/qs 964ms (cache revalidated)
74 silly packumentCache full:https://registry.npmjs.org/qs set size:353582 disposed:false
75 silly fetch manifest vary@^1
76 silly packumentCache full:https://registry.npmjs.org/vary cache-miss
77 http fetch GET 200 https://registry.npmjs.org/form-data 990ms (cache revalidated)
78 silly packumentCache full:https://registry.npmjs.org/form-data set size:153646 disposed:false
79 silly fetch manifest qs@^6.14.0
80 silly packumentCache full:https://registry.npmjs.org/qs cache-hit
81 silly fetch manifest depd@^2.0.0
82 silly packumentCache full:https://registry.npmjs.org/depd cache-miss
83 http fetch GET 200 https://registry.npmjs.org/type-is 1032ms (cache updated)
84 silly packumentCache full:https://registry.npmjs.org/type-is set size:undefined disposed:false
85 silly fetch manifest etag@^1.8.1
86 silly packumentCache full:https://registry.npmjs.org/etag cache-miss
87 http fetch GET 200 https://registry.npmjs.org/on-finished 339ms (cache revalidated)
88 silly packumentCache full:https://registry.npmjs.org/on-finished set size:23212 disposed:false
89 silly fetch manifest send@^1.1.0
90 silly packumentCache full:https://registry.npmjs.org/send cache-miss
91 http fetch GET 200 https://registry.npmjs.org/http-errors 470ms (cache revalidated)
92 silly packumentCache full:https://registry.npmjs.org/http-errors set size:71987 disposed:false
93 silly fetch manifest vary@^1.1.2
94 silly packumentCache full:https://registry.npmjs.org/vary cache-miss
95 http fetch GET 200 https://registry.npmjs.org/depd 365ms (cache revalidated)
96 silly packumentCache full:https://registry.npmjs.org/depd set size:40182 disposed:false
97 silly fetch manifest fresh@^2.0.0
98 silly packumentCache full:https://registry.npmjs.org/fresh cache-miss
99 http fetch GET 200 https://registry.npmjs.org/content-type 425ms (cache updated)
100 silly packumentCache full:https://registry.npmjs.org/content-type set size:undefined disposed:false
101 silly fetch manifest cookie@^0.7.1
102 silly packumentCache full:https://registry.npmjs.org/cookie cache-miss
103 http fetch GET 200 https://registry.npmjs.org/object-assign 412ms (cache revalidated)
104 silly packumentCache full:https://registry.npmjs.org/object-assign set size:28988 disposed:false
105 silly fetch manifest router@^2.2.0
106 silly packumentCache full:https://registry.npmjs.org/router cache-miss
107 http fetch GET 200 https://registry.npmjs.org/etag 343ms (cache revalidated)
108 silly packumentCache full:https://registry.npmjs.org/etag set size:30032 disposed:false
109 silly fetch manifest accepts@^2.0.0
110 silly packumentCache full:https://registry.npmjs.org/accepts cache-miss
111 http fetch GET 200 https://registry.npmjs.org/vary 424ms (cache updated)
112 silly packumentCache full:https://registry.npmjs.org/vary set size:undefined disposed:false
113 silly fetch manifest parseurl@^1.3.3
114 silly packumentCache full:https://registry.npmjs.org/parseurl cache-miss
115 http fetch GET 200 https://registry.npmjs.org/send 243ms (cache revalidated)
116 silly packumentCache full:https://registry.npmjs.org/send set size:152810 disposed:false
117 silly fetch manifest statuses@^2.0.1
118 silly packumentCache full:https://registry.npmjs.org/statuses cache-miss
119 http fetch GET 200 https://registry.npmjs.org/fresh 272ms (cache revalidated)
120 silly packumentCache full:https://registry.npmjs.org/fresh set size:25427 disposed:false
121 silly fetch manifest encodeurl@^2.0.0
122 silly packumentCache full:https://registry.npmjs.org/encodeurl cache-miss
123 http fetch GET 200 https://registry.npmjs.org/cookie 273ms (cache revalidated)
124 silly packumentCache full:https://registry.npmjs.org/cookie set size:72891 disposed:false
125 silly fetch manifest mime-types@^3.0.0
126 silly packumentCache full:https://registry.npmjs.org/mime-types cache-miss
127 http fetch GET 200 https://registry.npmjs.org/accepts 275ms (cache revalidated)
128 silly packumentCache full:https://registry.npmjs.org/accepts set size:77054 disposed:false
129 silly fetch manifest proxy-addr@^2.0.7
130 silly packumentCache full:https://registry.npmjs.org/proxy-addr cache-miss
131 http fetch GET 200 https://registry.npmjs.org/router 296ms (cache miss)
132 silly packumentCache full:https://registry.npmjs.org/router set size:undefined disposed:false
133 silly fetch manifest escape-html@^1.0.3
134 silly packumentCache full:https://registry.npmjs.org/escape-html cache-miss
135 http fetch GET 200 https://registry.npmjs.org/parseurl 274ms (cache revalidated)
136 silly packumentCache full:https://registry.npmjs.org/parseurl set size:24148 disposed:false
137 silly fetch manifest finalhandler@^2.1.0
138 silly packumentCache full:https://registry.npmjs.org/finalhandler cache-miss
139 http fetch GET 200 https://registry.npmjs.org/vary 346ms (cache updated)
140 silly packumentCache full:https://registry.npmjs.org/vary set size:undefined disposed:false
141 silly fetch manifest range-parser@^1.2.1
142 silly packumentCache full:https://registry.npmjs.org/range-parser cache-miss
143 http fetch GET 200 https://registry.npmjs.org/statuses 238ms (cache revalidated)
144 silly packumentCache full:https://registry.npmjs.org/statuses set size:37117 disposed:false
145 silly fetch manifest serve-static@^2.2.0
146 silly packumentCache full:https://registry.npmjs.org/serve-static cache-miss
147 http fetch GET 200 https://registry.npmjs.org/encodeurl 304ms (cache revalidated)
148 silly packumentCache full:https://registry.npmjs.org/encodeurl set size:12296 disposed:false
149 silly fetch manifest cookie-signature@^1.2.1
150 silly packumentCache full:https://registry.npmjs.org/cookie-signature cache-miss
151 http fetch GET 200 https://registry.npmjs.org/mime-types 306ms (cache revalidated)
152 silly packumentCache full:https://registry.npmjs.org/mime-types set size:139110 disposed:false
153 silly fetch manifest merge-descriptors@^2.0.0
154 silly packumentCache full:https://registry.npmjs.org/merge-descriptors cache-miss
155 http fetch GET 200 https://registry.npmjs.org/finalhandler 290ms (cache revalidated)
156 silly packumentCache full:https://registry.npmjs.org/finalhandler set size:79291 disposed:false
157 silly fetch manifest content-disposition@^1.0.0
158 silly packumentCache full:https://registry.npmjs.org/content-disposition cache-miss
159 http fetch GET 200 https://registry.npmjs.org/escape-html 308ms (cache revalidated)
160 silly packumentCache full:https://registry.npmjs.org/escape-html set size:7345 disposed:false
161 http fetch GET 200 https://registry.npmjs.org/range-parser 282ms (cache revalidated)
162 silly packumentCache full:https://registry.npmjs.org/range-parser set size:22228 disposed:false
163 http fetch GET 200 https://registry.npmjs.org/proxy-addr 339ms (cache revalidated)
164 silly packumentCache full:https://registry.npmjs.org/proxy-addr set size:61619 disposed:false
165 http fetch GET 200 https://registry.npmjs.org/serve-static 273ms (cache revalidated)
166 silly packumentCache full:https://registry.npmjs.org/serve-static set size:150391 disposed:false
167 http fetch GET 200 https://registry.npmjs.org/cookie-signature 289ms (cache revalidated)
168 silly packumentCache full:https://registry.npmjs.org/cookie-signature set size:21777 disposed:false
169 http fetch GET 200 https://registry.npmjs.org/merge-descriptors 306ms (cache revalidated)
170 silly packumentCache full:https://registry.npmjs.org/merge-descriptors set size:16527 disposed:false
171 http fetch GET 200 https://registry.npmjs.org/content-disposition 312ms (cache updated)
172 silly packumentCache full:https://registry.npmjs.org/content-disposition set size:undefined disposed:false
173 silly placeDep ROOT follow-redirects@1.16.0 OK for: axios@1.16.1 want: ^1.16.0
174 silly placeDep ROOT form-data@4.0.5 OK for: axios@1.16.1 want: ^4.0.5
175 silly placeDep ROOT https-proxy-agent@5.0.1 OK for: axios@1.16.1 want: ^5.0.1
176 silly placeDep ROOT proxy-from-env@2.1.0 OK for: axios@1.16.1 want: ^2.1.0
177 silly fetch manifest asynckit@^0.4.0
178 silly packumentCache full:https://registry.npmjs.org/asynckit cache-miss
179 silly fetch manifest combined-stream@^1.0.8
180 silly packumentCache full:https://registry.npmjs.org/combined-stream cache-miss
181 silly fetch manifest es-set-tostringtag@^2.1.0
182 silly packumentCache full:https://registry.npmjs.org/es-set-tostringtag cache-miss
183 silly fetch manifest hasown@^2.0.2
184 silly packumentCache full:https://registry.npmjs.org/hasown cache-miss
185 silly fetch manifest mime-types@^2.1.12
186 silly packumentCache full:https://registry.npmjs.org/mime-types cache-hit
187 silly fetch manifest agent-base@6
188 silly packumentCache full:https://registry.npmjs.org/agent-base cache-miss
189 http fetch GET 200 https://registry.npmjs.org/combined-stream 297ms (cache revalidated)
190 silly packumentCache full:https://registry.npmjs.org/combined-stream set size:40337 disposed:false
191 http fetch GET 200 https://registry.npmjs.org/es-set-tostringtag 316ms (cache revalidated)
192 silly packumentCache full:https://registry.npmjs.org/es-set-tostringtag set size:22094 disposed:false
193 http fetch GET 200 https://registry.npmjs.org/asynckit 324ms (cache revalidated)
194 silly packumentCache full:https://registry.npmjs.org/asynckit set size:18932 disposed:false
195 http fetch GET 200 https://registry.npmjs.org/hasown 326ms (cache revalidated)
196 silly packumentCache full:https://registry.npmjs.org/hasown set size:15429 disposed:false
197 http fetch GET 200 https://registry.npmjs.org/agent-base 331ms (cache revalidated)
198 silly packumentCache full:https://registry.npmjs.org/agent-base set size:72085 disposed:false
199 silly placeDep ROOT bytes@3.1.2 OK for: body-parser@2.2.2 want: ^3.1.2
200 silly placeDep ROOT content-type@1.0.5 OK for: body-parser@2.2.2 want: ^1.0.5
201 silly placeDep ROOT http-errors@2.0.1 OK for: body-parser@2.2.2 want: ^2.0.0
202 silly placeDep ROOT iconv-lite@0.7.2 OK for: body-parser@2.2.2 want: ^0.7.0
203 silly placeDep ROOT on-finished@2.4.1 OK for: body-parser@2.2.2 want: ^2.4.1
204 silly placeDep ROOT qs@6.15.1 OK for: body-parser@2.2.2 want: ^6.14.1
205 silly placeDep ROOT raw-body@3.0.2 OK for: body-parser@2.2.2 want: ^3.0.1
206 silly placeDep ROOT type-is@2.1.0 OK for: body-parser@2.2.2 want: ^2.0.1
207 silly fetch manifest depd@~2.0.0
208 silly packumentCache full:https://registry.npmjs.org/depd cache-hit
209 silly fetch manifest setprototypeof@~1.2.0
210 silly packumentCache full:https://registry.npmjs.org/setprototypeof cache-miss
211 silly fetch manifest statuses@~2.0.2
212 silly packumentCache full:https://registry.npmjs.org/statuses cache-hit
213 silly fetch manifest toidentifier@~1.0.1
214 silly packumentCache full:https://registry.npmjs.org/toidentifier cache-miss
215 silly fetch manifest safer-buffer@>= 2.1.2 < 3.0.0
216 silly packumentCache full:https://registry.npmjs.org/safer-buffer cache-miss
217 silly fetch manifest ee-first@1.1.1
218 silly packumentCache full:https://registry.npmjs.org/ee-first cache-miss
219 silly fetch manifest side-channel@^1.1.0
220 silly packumentCache full:https://registry.npmjs.org/side-channel cache-miss
221 silly fetch manifest unpipe@~1.0.0
222 silly packumentCache full:https://registry.npmjs.org/unpipe cache-miss
223 silly fetch manifest content-type@^2.0.0
224 silly packumentCache full:https://registry.npmjs.org/content-type cache-miss
225 http cache https://registry.npmjs.org/content-type 52ms (cache hit)
226 silly packumentCache full:https://registry.npmjs.org/content-type set size:18994 disposed:false
227 silly fetch manifest media-typer@^1.1.0
228 silly packumentCache full:https://registry.npmjs.org/media-typer cache-miss
229 http fetch GET 200 https://registry.npmjs.org/side-channel 258ms (cache revalidated)
230 silly packumentCache full:https://registry.npmjs.org/side-channel set size:24660 disposed:false
231 http fetch GET 200 https://registry.npmjs.org/unpipe 278ms (cache revalidated)
232 silly packumentCache full:https://registry.npmjs.org/unpipe set size:3609 disposed:false
233 http fetch GET 200 https://registry.npmjs.org/toidentifier 300ms (cache revalidated)
234 silly packumentCache full:https://registry.npmjs.org/toidentifier set size:12006 disposed:false
235 http fetch GET 200 https://registry.npmjs.org/safer-buffer 302ms (cache revalidated)
236 silly packumentCache full:https://registry.npmjs.org/safer-buffer set size:18521 disposed:false
237 http fetch GET 200 https://registry.npmjs.org/setprototypeof 311ms (cache revalidated)
238 silly packumentCache full:https://registry.npmjs.org/setprototypeof set size:14532 disposed:false
239 http fetch GET 200 https://registry.npmjs.org/ee-first 313ms (cache revalidated)
240 silly packumentCache full:https://registry.npmjs.org/ee-first set size:15327 disposed:false
241 http fetch GET 200 https://registry.npmjs.org/media-typer 255ms (cache revalidated)
242 silly packumentCache full:https://registry.npmjs.org/media-typer set size:20873 disposed:false
243 silly placeDep ROOT object-assign@4.1.1 OK for: cors@2.8.6 want: ^4
244 silly placeDep ROOT vary@1.1.2 OK for: cors@2.8.6 want: ^1
245 silly placeDep ROOT accepts@2.0.0 OK for: express@5.2.1 want: ^2.0.0
246 silly placeDep ROOT content-disposition@1.1.0 OK for: express@5.2.1 want: ^1.0.0
247 silly placeDep ROOT cookie@0.7.2 OK for: express@5.2.1 want: ^0.7.1
248 silly placeDep ROOT cookie-signature@1.2.2 OK for: express@5.2.1 want: ^1.2.1
249 silly placeDep ROOT depd@2.0.0 OK for: express@5.2.1 want: ^2.0.0
250 silly placeDep ROOT encodeurl@2.0.0 OK for: express@5.2.1 want: ^2.0.0
251 silly placeDep ROOT escape-html@1.0.3 OK for: express@5.2.1 want: ^1.0.3
252 silly placeDep ROOT etag@1.8.1 OK for: express@5.2.1 want: ^1.8.1
253 silly placeDep ROOT finalhandler@2.1.1 OK for: express@5.2.1 want: ^2.1.0
254 silly placeDep ROOT fresh@2.0.0 OK for: express@5.2.1 want: ^2.0.0
255 silly placeDep ROOT merge-descriptors@2.0.0 OK for: express@5.2.1 want: ^2.0.0
256 silly placeDep ROOT mime-types@3.0.2 OK for: express@5.2.1 want: ^3.0.0
257 silly placeDep ROOT parseurl@1.3.3 OK for: express@5.2.1 want: ^1.3.3
258 silly placeDep ROOT proxy-addr@2.0.7 OK for: express@5.2.1 want: ^2.0.7
259 silly placeDep ROOT range-parser@1.2.1 OK for: express@5.2.1 want: ^1.2.1
260 silly placeDep ROOT router@2.2.0 OK for: express@5.2.1 want: ^2.2.0
261 silly placeDep ROOT send@1.2.1 OK for: express@5.2.1 want: ^1.1.0
262 silly placeDep ROOT serve-static@2.2.1 OK for: express@5.2.1 want: ^2.2.0
263 silly placeDep ROOT statuses@2.0.2 OK for: express@5.2.1 want: ^2.0.1
264 silly fetch manifest negotiator@^1.0.0
265 silly packumentCache full:https://registry.npmjs.org/negotiator cache-miss
266 silly fetch manifest mime-db@^1.54.0
267 silly packumentCache full:https://registry.npmjs.org/mime-db cache-miss
268 silly fetch manifest forwarded@0.2.0
269 silly packumentCache full:https://registry.npmjs.org/forwarded cache-miss
270 silly fetch manifest ipaddr.js@1.9.1
271 silly packumentCache full:https://registry.npmjs.org/ipaddr.js cache-miss
272 silly fetch manifest is-promise@^4.0.0
273 silly packumentCache full:https://registry.npmjs.org/is-promise cache-miss
274 silly fetch manifest path-to-regexp@^8.0.0
275 silly packumentCache full:https://registry.npmjs.org/path-to-regexp cache-miss
276 silly fetch manifest statuses@^2.0.2
277 silly packumentCache full:https://registry.npmjs.org/statuses cache-hit
278 http fetch GET 200 https://registry.npmjs.org/is-promise 299ms (cache miss)
279 silly packumentCache full:https://registry.npmjs.org/is-promise set size:undefined disposed:false
280 http fetch GET 200 https://registry.npmjs.org/path-to-regexp 327ms (cache revalidated)
281 silly packumentCache full:https://registry.npmjs.org/path-to-regexp set size:216334 disposed:false
282 http fetch GET 200 https://registry.npmjs.org/mime-db 346ms (cache revalidated)
283 silly packumentCache full:https://registry.npmjs.org/mime-db set size:164953 disposed:false
284 http fetch GET 200 https://registry.npmjs.org/negotiator 357ms (cache revalidated)
285 silly packumentCache full:https://registry.npmjs.org/negotiator set size:48046 disposed:false
286 http fetch GET 200 https://registry.npmjs.org/forwarded 368ms (cache revalidated)
287 silly packumentCache full:https://registry.npmjs.org/forwarded set size:11229 disposed:false
288 http fetch GET 200 https://registry.npmjs.org/ipaddr.js 379ms (cache updated)
289 silly packumentCache full:https://registry.npmjs.org/ipaddr.js set size:undefined disposed:false
290 silly placeDep ROOT negotiator@1.0.0 OK for: accepts@2.0.0 want: ^1.0.0
291 silly placeDep ROOT asynckit@0.4.0 OK for: form-data@4.0.5 want: ^0.4.0
292 silly placeDep ROOT combined-stream@1.0.8 OK for: form-data@4.0.5 want: ^1.0.8
293 silly placeDep ROOT es-set-tostringtag@2.1.0 OK for: form-data@4.0.5 want: ^2.1.0
294 silly placeDep ROOT hasown@2.0.3 OK for: form-data@4.0.5 want: ^2.0.2
295 silly placeDep node_modules/form-data mime-types@2.1.35 OK for: form-data@4.0.5 want: ^2.1.12
296 silly fetch manifest delayed-stream@~1.0.0
297 silly packumentCache full:https://registry.npmjs.org/delayed-stream cache-miss
298 silly fetch manifest es-errors@^1.3.0
299 silly packumentCache full:https://registry.npmjs.org/es-errors cache-miss
300 silly fetch manifest get-intrinsic@^1.2.6
301 silly packumentCache full:https://registry.npmjs.org/get-intrinsic cache-miss
302 silly fetch manifest has-tostringtag@^1.0.2
303 silly packumentCache full:https://registry.npmjs.org/has-tostringtag cache-miss
304 silly fetch manifest function-bind@^1.1.2
305 silly packumentCache full:https://registry.npmjs.org/function-bind cache-miss
306 silly fetch manifest mime-db@1.52.0
307 silly packumentCache full:https://registry.npmjs.org/mime-db cache-hit
308 http fetch GET 200 https://registry.npmjs.org/es-errors 288ms (cache revalidated)
309 silly packumentCache full:https://registry.npmjs.org/es-errors set size:16918 disposed:false
310 http fetch GET 200 https://registry.npmjs.org/get-intrinsic 301ms (cache revalidated)
311 silly packumentCache full:https://registry.npmjs.org/get-intrinsic set size:60985 disposed:false
312 http fetch GET 200 https://registry.npmjs.org/function-bind 307ms (cache revalidated)
313 silly packumentCache full:https://registry.npmjs.org/function-bind set size:15733 disposed:false
314 http fetch GET 200 https://registry.npmjs.org/has-tostringtag 311ms (cache revalidated)
315 silly packumentCache full:https://registry.npmjs.org/has-tostringtag set size:13945 disposed:false
316 http fetch GET 200 https://registry.npmjs.org/delayed-stream 318ms (cache revalidated)
317 silly packumentCache full:https://registry.npmjs.org/delayed-stream set size:15820 disposed:false
318 silly placeDep ROOT delayed-stream@1.0.0 OK for: combined-stream@1.0.8 want: ~1.0.0
319 silly placeDep ROOT es-errors@1.3.0 OK for: es-set-tostringtag@2.1.0 want: ^1.3.0
320 silly placeDep ROOT get-intrinsic@1.3.0 OK for: es-set-tostringtag@2.1.0 want: ^1.2.6
321 silly placeDep ROOT has-tostringtag@1.0.2 OK for: es-set-tostringtag@2.1.0 want: ^1.0.2
322 silly fetch manifest gopd@^1.2.0
323 silly packumentCache full:https://registry.npmjs.org/gopd cache-miss
324 silly fetch manifest get-proto@^1.0.1
325 silly packumentCache full:https://registry.npmjs.org/get-proto cache-miss
326 silly fetch manifest has-symbols@^1.1.0
327 silly packumentCache full:https://registry.npmjs.org/has-symbols cache-miss
328 silly fetch manifest es-object-atoms@^1.1.1
329 silly packumentCache full:https://registry.npmjs.org/es-object-atoms cache-miss
330 silly fetch manifest math-intrinsics@^1.1.0
331 silly packumentCache full:https://registry.npmjs.org/math-intrinsics cache-miss
332 silly fetch manifest es-define-property@^1.0.1
333 silly packumentCache full:https://registry.npmjs.org/es-define-property cache-miss
334 silly fetch manifest call-bind-apply-helpers@^1.0.2
335 silly packumentCache full:https://registry.npmjs.org/call-bind-apply-helpers cache-miss
336 http fetch GET 200 https://registry.npmjs.org/es-define-property 287ms (cache revalidated)
337 silly packumentCache full:https://registry.npmjs.org/es-define-property set size:8542 disposed:false
338 silly fetch manifest has-symbols@^1.0.3
339 silly packumentCache full:https://registry.npmjs.org/has-symbols cache-miss
340 http fetch GET 200 https://registry.npmjs.org/math-intrinsics 296ms (cache revalidated)
341 silly packumentCache full:https://registry.npmjs.org/math-intrinsics set size:9265 disposed:false
342 http fetch GET 200 https://registry.npmjs.org/get-proto 304ms (cache revalidated)
343 silly packumentCache full:https://registry.npmjs.org/get-proto set size:8300 disposed:false
344 http fetch GET 200 https://registry.npmjs.org/gopd 307ms (cache revalidated)
345 silly packumentCache full:https://registry.npmjs.org/gopd set size:11458 disposed:false
346 http fetch GET 200 https://registry.npmjs.org/has-symbols 312ms (cache revalidated)
347 silly packumentCache full:https://registry.npmjs.org/has-symbols set size:21550 disposed:false
348 http fetch GET 200 https://registry.npmjs.org/call-bind-apply-helpers 319ms (cache revalidated)
349 silly packumentCache full:https://registry.npmjs.org/call-bind-apply-helpers set size:12744 disposed:false
350 http fetch GET 200 https://registry.npmjs.org/es-object-atoms 329ms (cache revalidated)
351 silly packumentCache full:https://registry.npmjs.org/es-object-atoms set size:15304 disposed:false
352 http cache https://registry.npmjs.org/has-symbols 54ms (cache hit)
353 silly packumentCache full:https://registry.npmjs.org/has-symbols set size:21550 disposed:false
354 silly packumentCache full:https://registry.npmjs.org/has-symbols dispose
355 silly placeDep ROOT call-bind-apply-helpers@1.0.2 OK for: get-intrinsic@1.3.0 want: ^1.0.2
356 silly placeDep ROOT es-define-property@1.0.1 OK for: get-intrinsic@1.3.0 want: ^1.0.1
357 silly placeDep ROOT es-object-atoms@1.1.1 OK for: get-intrinsic@1.3.0 want: ^1.1.1
358 silly placeDep ROOT function-bind@1.1.2 OK for: get-intrinsic@1.3.0 want: ^1.1.2
359 silly placeDep ROOT get-proto@1.0.1 OK for: get-intrinsic@1.3.0 want: ^1.0.1
360 silly placeDep ROOT gopd@1.2.0 OK for: get-intrinsic@1.3.0 want: ^1.2.0
361 silly placeDep ROOT has-symbols@1.1.0 OK for: get-intrinsic@1.3.0 want: ^1.1.0
362 silly placeDep ROOT math-intrinsics@1.1.0 OK for: get-intrinsic@1.3.0 want: ^1.1.0
363 silly fetch manifest dunder-proto@^1.0.1
364 silly packumentCache full:https://registry.npmjs.org/dunder-proto cache-miss
365 http fetch GET 200 https://registry.npmjs.org/dunder-proto 250ms (cache revalidated)
366 silly packumentCache full:https://registry.npmjs.org/dunder-proto set size:8256 disposed:false
367 silly placeDep ROOT dunder-proto@1.0.1 OK for: get-proto@1.0.1 want: ^1.0.1
368 silly placeDep ROOT setprototypeof@1.2.0 OK for: http-errors@2.0.1 want: ~1.2.0
369 silly placeDep ROOT toidentifier@1.0.1 OK for: http-errors@2.0.1 want: ~1.0.1
370 silly placeDep ROOT agent-base@6.0.2 OK for: https-proxy-agent@5.0.1 want: 6
371 silly placeDep ROOT safer-buffer@2.1.2 OK for: iconv-lite@0.7.2 want: >= 2.1.2 < 3.0.0
372 silly placeDep ROOT mime-db@1.54.0 OK for: mime-types@3.0.2 want: ^1.54.0
373 silly placeDep ROOT ee-first@1.1.1 OK for: on-finished@2.4.1 want: 1.1.1
374 silly placeDep ROOT forwarded@0.2.0 OK for: proxy-addr@2.0.7 want: 0.2.0
375 silly placeDep ROOT ipaddr.js@1.9.1 OK for: proxy-addr@2.0.7 want: 1.9.1
376 silly placeDep ROOT side-channel@1.1.0 OK for: qs@6.15.1 want: ^1.1.0
377 silly fetch manifest object-inspect@^1.13.3
378 silly packumentCache full:https://registry.npmjs.org/object-inspect cache-miss
379 silly fetch manifest side-channel-list@^1.0.0
380 silly packumentCache full:https://registry.npmjs.org/side-channel-list cache-miss
381 silly fetch manifest side-channel-map@^1.0.1
382 silly packumentCache full:https://registry.npmjs.org/side-channel-map cache-miss
383 silly fetch manifest side-channel-weakmap@^1.0.2
384 silly packumentCache full:https://registry.npmjs.org/side-channel-weakmap cache-miss
385 http fetch GET 200 https://registry.npmjs.org/side-channel-map 269ms (cache revalidated)
386 silly packumentCache full:https://registry.npmjs.org/side-channel-map set size:9126 disposed:false
387 http fetch GET 200 https://registry.npmjs.org/object-inspect 275ms (cache revalidated)
388 silly packumentCache full:https://registry.npmjs.org/object-inspect set size:101912 disposed:false
389 http fetch GET 200 https://registry.npmjs.org/side-channel-list 286ms (cache revalidated)
390 silly packumentCache full:https://registry.npmjs.org/side-channel-list set size:9021 disposed:false
391 http fetch GET 200 https://registry.npmjs.org/side-channel-weakmap 291ms (cache revalidated)
392 silly packumentCache full:https://registry.npmjs.org/side-channel-weakmap set size:12620 disposed:false
393 silly placeDep ROOT unpipe@1.0.0 OK for: raw-body@3.0.2 want: ~1.0.0
394 silly placeDep ROOT is-promise@4.0.0 OK for: router@2.2.0 want: ^4.0.0
395 silly placeDep ROOT path-to-regexp@8.4.2 OK for: router@2.2.0 want: ^8.0.0
396 silly placeDep ROOT object-inspect@1.13.4 OK for: side-channel@1.1.0 want: ^1.13.3
397 silly placeDep ROOT side-channel-list@1.0.1 OK for: side-channel@1.1.0 want: ^1.0.0
398 silly placeDep ROOT side-channel-map@1.0.1 OK for: side-channel@1.1.0 want: ^1.0.1
399 silly placeDep ROOT side-channel-weakmap@1.0.2 OK for: side-channel@1.1.0 want: ^1.0.2
400 silly fetch manifest call-bound@^1.0.2
401 silly packumentCache full:https://registry.npmjs.org/call-bound cache-miss
402 silly fetch manifest call-bound@^1.0.2
403 silly packumentCache full:https://registry.npmjs.org/call-bound cache-miss
404 http fetch GET 200 https://registry.npmjs.org/call-bound 245ms (cache revalidated)
405 silly packumentCache full:https://registry.npmjs.org/call-bound set size:15317 disposed:false
406 http fetch GET 200 https://registry.npmjs.org/call-bound 258ms (cache revalidated)
407 silly packumentCache full:https://registry.npmjs.org/call-bound set size:15317 disposed:false
408 silly packumentCache full:https://registry.npmjs.org/call-bound dispose
409 silly placeDep ROOT call-bound@1.0.4 OK for: side-channel-map@1.0.1 want: ^1.0.2
410 silly placeDep node_modules/type-is content-type@2.0.0 OK for: type-is@2.1.0 want: ^2.0.0
411 silly placeDep ROOT media-typer@1.1.0 OK for: type-is@2.1.0 want: ^1.1.0
412 silly placeDep node_modules/form-data mime-db@1.52.0 OK for: mime-types@2.1.35 want: 1.52.0
413 silly reify moves {}
414 silly audit bulk request {
414 silly audit   '@adraffy/ens-normalize': [ '1.10.1' ],
414 silly audit   '@esbuild/aix-ppc64': [ '0.27.7' ],
414 silly audit   '@esbuild/android-arm': [ '0.27.7' ],
414 silly audit   '@esbuild/android-arm64': [ '0.27.7' ],
414 silly audit   '@esbuild/android-x64': [ '0.27.7' ],
414 silly audit   '@esbuild/darwin-arm64': [ '0.27.7' ],
414 silly audit   '@esbuild/darwin-x64': [ '0.27.7' ],
414 silly audit   '@esbuild/freebsd-arm64': [ '0.27.7' ],
414 silly audit   '@esbuild/freebsd-x64': [ '0.27.7' ],
414 silly audit   '@esbuild/linux-arm': [ '0.27.7' ],
414 silly audit   '@esbuild/linux-arm64': [ '0.27.7' ],
414 silly audit   '@esbuild/linux-ia32': [ '0.27.7' ],
414 silly audit   '@esbuild/linux-loong64': [ '0.27.7' ],
414 silly audit   '@esbuild/linux-mips64el': [ '0.27.7' ],
414 silly audit   '@esbuild/linux-ppc64': [ '0.27.7' ],
414 silly audit   '@esbuild/linux-riscv64': [ '0.27.7' ],
414 silly audit   '@esbuild/linux-s390x': [ '0.27.7' ],
414 silly audit   '@esbuild/linux-x64': [ '0.27.7' ],
414 silly audit   '@esbuild/netbsd-arm64': [ '0.27.7' ],
414 silly audit   '@esbuild/netbsd-x64': [ '0.27.7' ],
414 silly audit   '@esbuild/openbsd-arm64': [ '0.27.7' ],
414 silly audit   '@esbuild/openbsd-x64': [ '0.27.7' ],
414 silly audit   '@esbuild/openharmony-arm64': [ '0.27.7' ],
414 silly audit   '@esbuild/sunos-x64': [ '0.27.7' ],
414 silly audit   '@esbuild/win32-arm64': [ '0.27.7' ],
414 silly audit   '@esbuild/win32-ia32': [ '0.27.7' ],
414 silly audit   '@esbuild/win32-x64': [ '0.27.7' ],
414 silly audit   '@ethersproject/abi': [ '5.8.0' ],
414 silly audit   '@ethersproject/abstract-provider': [ '5.8.0' ],
414 silly audit   '@ethersproject/abstract-signer': [ '5.8.0' ],
414 silly audit   '@ethersproject/address': [ '5.8.0', '5.6.1' ],
414 silly audit   '@ethersproject/base64': [ '5.8.0' ],
414 silly audit   '@ethersproject/bignumber': [ '5.8.0' ],
414 silly audit   '@ethersproject/bytes': [ '5.8.0' ],
414 silly audit   '@ethersproject/constants': [ '5.8.0' ],
414 silly audit   '@ethersproject/hash': [ '5.8.0' ],
414 silly audit   '@ethersproject/keccak256': [ '5.8.0' ],
414 silly audit   '@ethersproject/logger': [ '5.8.0' ],
414 silly audit   '@ethersproject/networks': [ '5.8.0' ],
414 silly audit   '@ethersproject/properties': [ '5.8.0' ],
414 silly audit   '@ethersproject/rlp': [ '5.8.0' ],
414 silly audit   '@ethersproject/signing-key': [ '5.8.0' ],
414 silly audit   '@ethersproject/strings': [ '5.8.0' ],
414 silly audit   '@ethersproject/transactions': [ '5.8.0' ],
414 silly audit   '@ethersproject/web': [ '5.8.0' ],
414 silly audit   '@isaacs/cliui': [ '8.0.2' ],
414 silly audit   'ansi-regex': [ '6.2.2', '5.0.1' ],
414 silly audit   'strip-ansi': [ '7.2.0', '6.0.1' ],
414 silly audit   '@noble/ciphers': [ '1.2.1' ],
414 silly audit   '@noble/curves': [ '1.4.2', '1.2.0', '1.8.2' ],
414 silly audit   '@noble/hashes': [ '1.4.0', '1.7.1', '1.3.2', '1.7.2' ],
414 silly audit   '@nomicfoundation/edr': [ '0.12.0-next.29' ],
414 silly audit   '@nomicfoundation/edr-darwin-arm64': [ '0.12.0-next.29' ],
414 silly audit   '@nomicfoundation/edr-darwin-x64': [ '0.12.0-next.29' ],
414 silly audit   '@nomicfoundation/edr-linux-arm64-gnu': [ '0.12.0-next.29' ],
414 silly audit   '@nomicfoundation/edr-linux-arm64-musl': [ '0.12.0-next.29' ],
414 silly audit   '@nomicfoundation/edr-linux-x64-gnu': [ '0.12.0-next.29' ],
414 silly audit   '@nomicfoundation/edr-linux-x64-musl': [ '0.12.0-next.29' ],
414 silly audit   '@nomicfoundation/edr-win32-x64-msvc': [ '0.12.0-next.29' ],
414 silly audit   '@nomicfoundation/hardhat-errors': [ '3.0.10' ],
414 silly audit   '@nomicfoundation/hardhat-ethers': [ '4.0.7' ],
414 silly audit   '@nomicfoundation/hardhat-ethers-chai-matchers': [ '3.0.4' ],
414 silly audit   '@nomicfoundation/hardhat-ignition': [ '3.1.1' ],
414 silly audit   '@nomicfoundation/hardhat-ignition-ethers': [ '3.1.1' ],
414 silly audit   '@nomicfoundation/hardhat-keystore': [ '3.0.5' ],
414 silly audit   '@nomicfoundation/hardhat-mocha': [ '3.0.15' ],
414 silly audit   '@nomicfoundation/hardhat-network-helpers': [ '3.0.4' ],
414 silly audit   '@nomicfoundation/hardhat-toolbox-mocha-ethers': [ '3.0.3' ],
414 silly audit   '@nomicfoundation/hardhat-typechain': [ '3.0.5' ],
414 silly audit   '@nomicfoundation/hardhat-utils': [ '4.0.2' ],
414 silly audit   '@nomicfoundation/hardhat-vendored': [ '3.0.1' ],
414 silly audit   '@nomicfoundation/hardhat-verify': [ '3.0.13' ],
414 silly audit   '@nomicfoundation/hardhat-zod-utils': [ '3.0.3' ],
414 silly audit   '@nomicfoundation/ignition-core': [ '3.1.1' ],
414 silly audit   '@nomicfoundation/ignition-ui': [ '3.1.1' ],
414 silly audit   '@nomicfoundation/solidity-analyzer': [ '0.1.2' ],
414 silly audit   '@nomicfoundation/solidity-analyzer-darwin-arm64': [ '0.1.2' ],
414 silly audit   '@nomicfoundation/solidity-analyzer-darwin-x64': [ '0.1.2' ],
414 silly audit   '@nomicfoundation/solidity-analyzer-linux-arm64-gnu': [ '0.1.2' ],
414 silly audit   '@nomicfoundation/solidity-analyzer-linux-arm64-musl': [ '0.1.2' ],
414 silly audit   '@nomicfoundation/solidity-analyzer-linux-x64-gnu': [ '0.1.2' ],
414 silly audit   '@nomicfoundation/solidity-analyzer-linux-x64-musl': [ '0.1.2' ],
414 silly audit   '@nomicfoundation/solidity-analyzer-win32-x64-msvc': [ '0.1.2' ],
414 silly audit   '@pkgjs/parseargs': [ '0.11.0' ],
414 silly audit   '@scure/base': [ '1.1.9', '1.2.6' ],
414 silly audit   '@scure/bip32': [ '1.4.0' ],
414 silly audit   '@scure/bip39': [ '1.3.0' ],
414 silly audit   '@sentry/core': [ '9.47.1' ],
414 silly audit   '@streamparser/json': [ '0.0.22' ],
414 silly audit   '@streamparser/json-node': [ '0.0.22' ],
414 silly audit   '@typechain/ethers-v6': [ '0.5.1' ],
414 silly audit   '@types/chai': [ '5.2.3' ],
414 silly audit   '@types/chai-as-promised': [ '8.0.2' ],
414 silly audit   '@types/deep-eql': [ '4.0.2' ],
414 silly audit   '@types/node': [ '22.7.5' ],
414 silly audit   '@types/prettier': [ '2.7.3' ],
414 silly audit   'adm-zip': [ '0.4.16' ],
414 silly audit   'aes-js': [ '4.0.0-beta.5' ],
414 silly audit   'ansi-colors': [ '4.1.3' ],
414 silly audit   'ansi-styles': [ '6.2.3', '4.3.0', '3.2.1' ],
414 silly audit   argparse: [ '2.0.1' ],
414 silly audit   'array-back': [ '3.1.0', '4.0.2' ],
414 silly audit   'assertion-error': [ '2.0.1' ],
414 silly audit   'balanced-match': [ '1.0.2' ],
414 silly audit   'bn.js': [ '5.2.3', '4.12.3' ],
414 silly audit   'brace-expansion': [ '2.1.0', '1.1.14' ],
414 silly audit   brorand: [ '1.1.0' ],
414 silly audit   'browser-stdout': [ '1.3.1' ],
414 silly audit   camelcase: [ '6.3.0' ],
414 silly audit   cbor2: [ '1.12.0' ],
414 silly audit   chai: [ '6.2.2' ],
414 silly audit   'chai-as-promised': [ '8.0.2' ],
414 silly audit   chalk: [ '5.6.2', '2.4.2', '4.1.2' ],
414 silly audit   'check-error': [ '2.1.3' ],
414 silly audit   chokidar: [ '4.0.3' ],
414 silly audit   cliui: [ '8.0.1' ],
414 silly audit   'emoji-regex': [ '8.0.0', '9.2.2' ],
414 silly audit   'string-width': [ '4.2.3', '5.1.2' ],
414 silly audit   'wrap-ansi': [ '7.0.0', '8.1.0' ],
414 silly audit   'color-convert': [ '2.0.1', '1.9.3' ],
414 silly audit   'color-name': [ '1.1.4', '1.1.3' ],
414 silly audit   'command-line-args': [ '5.2.1' ],
414 silly audit   'command-line-usage': [ '6.1.3' ],
414 silly audit   'escape-string-regexp': [ '1.0.5', '4.0.0' ],
414 silly audit   'has-flag': [ '3.0.0', '4.0.0' ],
414 silly audit   'supports-color': [ '5.5.0', '7.2.0', '8.1.1' ],
414 silly audit   typical: [ '5.2.0', '4.0.0' ],
414 silly audit   'concat-map': [ '0.0.1' ],
414 silly audit   'cross-spawn': [ '7.0.6' ],
414 silly audit   debug: [ '4.4.3' ],
414 silly audit   decamelize: [ '4.0.0' ],
414 silly audit   'deep-eql': [ '5.0.2' ],
414 silly audit   'deep-extend': [ '0.6.0' ],
414 silly audit   diff: [ '7.0.0' ],
414 silly audit   eastasianwidth: [ '0.2.0' ],
414 silly audit   elliptic: [ '6.6.1' ],
414 silly audit   enquirer: [ '2.4.1' ],
414 silly audit   'env-paths': [ '2.2.1' ],
414 silly audit   esbuild: [ '0.27.7' ],
414 silly audit   escalade: [ '3.2.0' ],
414 silly audit   'ethereum-cryptography': [ '2.2.1' ],
414 silly audit   ethers: [ '6.16.0' ],
414 silly audit   'fast-equals': [ '5.4.0' ],
414 silly audit   'find-replace': [ '3.0.0' ],
414 silly audit   'find-up': [ '5.0.0' ],
414 silly audit   flat: [ '5.0.2' ],
414 silly audit   'foreground-child': [ '3.3.1' ],
414 silly audit   'fs-extra': [ '7.0.1' ],
414 silly audit   'fs.realpath': [ '1.0.0' ],
414 silly audit   fsevents: [ '2.3.3' ],
414 silly audit   'get-caller-file': [ '2.0.5' ],
414 silly audit   'get-tsconfig': [ '4.14.0' ],
414 silly audit   glob: [ '10.5.0', '7.1.7' ],
414 silly audit   'graceful-fs': [ '4.2.11' ],
414 silly audit   hardhat: [ '3.3.0' ],
414 silly audit   ws: [ '8.20.0', '8.17.1' ],
414 silly audit   'hash.js': [ '1.1.7' ],
414 silly audit   he: [ '1.2.0' ],
414 silly audit   'hmac-drbg': [ '1.0.1' ],
414 silly audit   immer: [ '10.0.2' ],
414 silly audit   inflight: [ '1.0.6' ],
414 silly audit   inherits: [ '2.0.4' ],
414 silly audit   'is-fullwidth-code-point': [ '3.0.0' ],
414 silly audit   'is-path-inside': [ '3.0.3' ],
414 silly audit   'is-plain-obj': [ '2.1.0' ],
414 silly audit   'is-unicode-supported': [ '0.1.0' ],
414 silly audit   isexe: [ '2.0.0' ],
414 silly audit   jackspeak: [ '3.4.3' ],
414 silly audit   'js-sha3': [ '0.8.0' ],
414 silly audit   'js-yaml': [ '4.1.1' ],
414 silly audit   'json-stream-stringify': [ '3.1.6' ],
414 silly audit   'json-stringify-safe': [ '5.0.1' ],
414 silly audit   json5: [ '2.2.3' ],
414 silly audit   jsonfile: [ '4.0.0' ],
414 silly audit   kleur: [ '3.0.3' ],
414 silly audit   'locate-path': [ '6.0.0' ],
414 silly audit   lodash: [ '4.18.1' ],
414 silly audit   'lodash-es': [ '4.17.21' ],
414 silly audit   'lodash.camelcase': [ '4.3.0' ],
414 silly audit   'log-symbols': [ '4.1.0' ],
414 silly audit   'lru-cache': [ '10.4.3' ],
414 silly audit   'micro-eth-signer': [ '0.14.0' ],
414 silly audit   'micro-packed': [ '0.7.3' ],
414 silly audit   'minimalistic-assert': [ '1.0.1' ],
414 silly audit   'minimalistic-crypto-utils': [ '1.0.1' ],
414 silly audit   minimatch: [ '9.0.9', '3.1.5' ],
414 silly audit   minimist: [ '1.2.8' ],
414 silly audit   minipass: [ '7.1.3' ],
414 silly audit   mkdirp: [ '1.0.4' ],
414 silly audit   mocha: [ '11.7.5' ],
414 silly audit   ms: [ '2.1.3' ],
414 silly audit   ndjson: [ '2.0.0' ],
414 silly audit   once: [ '1.4.0' ],
414 silly audit   'p-limit': [ '3.1.0' ],
414 silly audit   'p-locate': [ '5.0.0' ],
414 silly audit   'p-map': [ '7.0.4' ],
414 silly audit   'package-json-from-dist': [ '1.0.1' ],
414 silly audit   'path-exists': [ '4.0.0' ],
414 silly audit   'path-is-absolute': [ '1.0.1' ],
414 silly audit   'path-key': [ '3.1.1' ],
414 silly audit   'path-scurry': [ '1.11.1' ],
414 silly audit   picocolors: [ '1.1.1' ],
414 silly audit   prettier: [ '2.8.8' ],
414 silly audit   prompts: [ '2.4.2' ],
414 silly audit   randombytes: [ '2.1.0' ],
414 silly audit   'readable-stream': [ '3.6.2' ],
414 silly audit   readdirp: [ '4.1.2' ],
414 silly audit   'reduce-flatten': [ '2.0.0' ],
414 silly audit   'require-directory': [ '2.1.1' ],
414 silly audit   'resolve-pkg-maps': [ '1.0.0' ],
414 silly audit   'resolve.exports': [ '2.0.3' ],
414 silly audit   rfdc: [ '1.4.1' ],
414 silly audit   'safe-buffer': [ '5.2.1' ],
414 silly audit   semver: [ '7.7.4' ],
414 silly audit   'serialize-javascript': [ '6.0.2' ],
414 silly audit   'shebang-command': [ '2.0.0' ],
414 silly audit   'shebang-regex': [ '3.0.0' ],
414 silly audit   'signal-exit': [ '4.1.0' ],
414 silly audit   sisteransi: [ '1.0.5' ],
414 silly audit   split2: [ '3.2.2' ],
414 silly audit   string_decoder: [ '1.3.0' ],
414 silly audit   'string-format': [ '2.0.0' ],
414 silly audit   'strip-json-comments': [ '3.1.1' ],
414 silly audit   'table-layout': [ '1.0.2' ],
414 silly audit   through2: [ '4.0.2' ],
414 silly audit   'ts-command-line-args': [ '2.5.1' ],
414 silly audit   'ts-essentials': [ '7.0.3' ],
414 silly audit   tslib: [ '2.7.0' ],
414 silly audit   tsx: [ '4.21.0' ],
414 silly audit   typechain: [ '8.3.2' ],
414 silly audit   typescript: [ '6.0.2' ],
414 silly audit   undici: [ '6.25.0' ],
414 silly audit   'undici-types': [ '6.19.8' ],
414 silly audit   universalify: [ '0.1.2' ],
414 silly audit   'util-deprecate': [ '1.0.2' ],
414 silly audit   which: [ '2.0.2' ],
414 silly audit   wordwrapjs: [ '4.0.1' ],
414 silly audit   workerpool: [ '9.3.4' ],
414 silly audit   wrappy: [ '1.0.2' ],
414 silly audit   y18n: [ '5.0.8' ],
414 silly audit   yargs: [ '17.7.2' ],
414 silly audit   'yargs-parser': [ '21.1.1' ],
414 silly audit   'yargs-unparser': [ '2.0.0' ],
414 silly audit   'yocto-queue': [ '0.1.0' ],
414 silly audit   zod: [ '3.25.76' ],
414 silly audit   axios: [ '1.16.1' ],
414 silly audit   'body-parser': [ '2.2.2' ],
414 silly audit   cors: [ '2.8.6' ],
414 silly audit   express: [ '5.2.1' ],
414 silly audit   'follow-redirects': [ '1.16.0' ],
414 silly audit   'form-data': [ '4.0.5' ],
414 silly audit   'https-proxy-agent': [ '5.0.1' ],
414 silly audit   'proxy-from-env': [ '2.1.0' ],
414 silly audit   bytes: [ '3.1.2' ],
414 silly audit   'content-type': [ '1.0.5', '2.0.0' ],
414 silly audit   'http-errors': [ '2.0.1' ],
414 silly audit   'iconv-lite': [ '0.7.2' ],
414 silly audit   'on-finished': [ '2.4.1' ],
414 silly audit   qs: [ '6.15.1' ],
414 silly audit   'raw-body': [ '3.0.2' ],
414 silly audit   'type-is': [ '2.1.0' ],
414 silly audit   'object-assign': [ '4.1.1' ],
414 silly audit   vary: [ '1.1.2' ],
414 silly audit   accepts: [ '2.0.0' ],
414 silly audit   'content-disposition': [ '1.1.0' ],
414 silly audit   cookie: [ '0.7.2' ],
414 silly audit   'cookie-signature': [ '1.2.2' ],
414 silly audit   depd: [ '2.0.0' ],
414 silly audit   encodeurl: [ '2.0.0' ],
414 silly audit   'escape-html': [ '1.0.3' ],
414 silly audit   etag: [ '1.8.1' ],
414 silly audit   finalhandler: [ '2.1.1' ],
414 silly audit   fresh: [ '2.0.0' ],
414 silly audit   'merge-descriptors': [ '2.0.0' ],
414 silly audit   'mime-types': [ '3.0.2', '2.1.35' ],
414 silly audit   parseurl: [ '1.3.3' ],
414 silly audit   'proxy-addr': [ '2.0.7' ],
414 silly audit   'range-parser': [ '1.2.1' ],
414 silly audit   router: [ '2.2.0' ],
414 silly audit   send: [ '1.2.1' ],
414 silly audit   'serve-static': [ '2.2.1' ],
414 silly audit   statuses: [ '2.0.2' ],
414 silly audit   negotiator: [ '1.0.0' ],
414 silly audit   asynckit: [ '0.4.0' ],
414 silly audit   'combined-stream': [ '1.0.8' ],
414 silly audit   'es-set-tostringtag': [ '2.1.0' ],
414 silly audit   hasown: [ '2.0.3' ],
414 silly audit   'delayed-stream': [ '1.0.0' ],
414 silly audit   'es-errors': [ '1.3.0' ],
414 silly audit   'get-intrinsic': [ '1.3.0' ],
414 silly audit   'has-tostringtag': [ '1.0.2' ],
414 silly audit   'call-bind-apply-helpers': [ '1.0.2' ],
414 silly audit   'es-define-property': [ '1.0.1' ],
414 silly audit   'es-object-atoms': [ '1.1.1' ],
414 silly audit   'function-bind': [ '1.1.2' ],
414 silly audit   'get-proto': [ '1.0.1' ],
414 silly audit   gopd: [ '1.2.0' ],
414 silly audit   'has-symbols': [ '1.1.0' ],
414 silly audit   'math-intrinsics': [ '1.1.0' ],
414 silly audit   'dunder-proto': [ '1.0.1' ],
414 silly audit   setprototypeof: [ '1.2.0' ],
414 silly audit   toidentifier: [ '1.0.1' ],
414 silly audit   'agent-base': [ '6.0.2' ],
414 silly audit   'safer-buffer': [ '2.1.2' ],
414 silly audit   'mime-db': [ '1.54.0', '1.52.0' ],
414 silly audit   'ee-first': [ '1.1.1' ],
414 silly audit   forwarded: [ '0.2.0' ],
414 silly audit   'ipaddr.js': [ '1.9.1' ],
414 silly audit   'side-channel': [ '1.1.0' ],
414 silly audit   unpipe: [ '1.0.0' ],
414 silly audit   'is-promise': [ '4.0.0' ],
414 silly audit   'path-to-regexp': [ '8.4.2' ],
414 silly audit   'object-inspect': [ '1.13.4' ],
414 silly audit   'side-channel-list': [ '1.0.1' ],
414 silly audit   'side-channel-map': [ '1.0.1' ],
414 silly audit   'side-channel-weakmap': [ '1.0.2' ],
414 silly audit   'call-bound': [ '1.0.4' ],
414 silly audit   'media-typer': [ '1.1.0' ]
414 silly audit }
415 http cache side-channel-map@https://registry.npmjs.org/side-channel-map/-/side-channel-map-1.0.1.tgz 1ms (cache hit)
416 http cache side-channel-list@https://registry.npmjs.org/side-channel-list/-/side-channel-list-1.0.1.tgz 0ms (cache hit)
417 http cache call-bound@https://registry.npmjs.org/call-bound/-/call-bound-1.0.4.tgz 0ms (cache hit)
418 http cache path-to-regexp@https://registry.npmjs.org/path-to-regexp/-/path-to-regexp-8.4.2.tgz 0ms (cache hit)
419 http cache object-inspect@https://registry.npmjs.org/object-inspect/-/object-inspect-1.13.4.tgz 0ms (cache hit)
420 http cache side-channel-weakmap@https://registry.npmjs.org/side-channel-weakmap/-/side-channel-weakmap-1.0.2.tgz 0ms (cache hit)
421 http cache ipaddr.js@https://registry.npmjs.org/ipaddr.js/-/ipaddr.js-1.9.1.tgz 0ms (cache hit)
422 http cache is-promise@https://registry.npmjs.org/is-promise/-/is-promise-4.0.0.tgz 0ms (cache hit)
423 http cache media-typer@https://registry.npmjs.org/media-typer/-/media-typer-1.1.0.tgz 0ms (cache hit)
424 http cache safer-buffer@https://registry.npmjs.org/safer-buffer/-/safer-buffer-2.1.2.tgz 0ms (cache hit)
425 http cache unpipe@https://registry.npmjs.org/unpipe/-/unpipe-1.0.0.tgz 0ms (cache hit)
426 http cache mime-db@https://registry.npmjs.org/mime-db/-/mime-db-1.54.0.tgz 0ms (cache hit)
427 http cache toidentifier@https://registry.npmjs.org/toidentifier/-/toidentifier-1.0.1.tgz 0ms (cache hit)
428 http cache side-channel@https://registry.npmjs.org/side-channel/-/side-channel-1.1.0.tgz 0ms (cache hit)
429 http cache ee-first@https://registry.npmjs.org/ee-first/-/ee-first-1.1.1.tgz 1ms (cache hit)
430 http cache setprototypeof@https://registry.npmjs.org/setprototypeof/-/setprototypeof-1.2.0.tgz 0ms (cache hit)
431 http cache get-proto@https://registry.npmjs.org/get-proto/-/get-proto-1.0.1.tgz 0ms (cache hit)
432 http cache math-intrinsics@https://registry.npmjs.org/math-intrinsics/-/math-intrinsics-1.1.0.tgz 0ms (cache hit)
433 http cache agent-base@https://registry.npmjs.org/agent-base/-/agent-base-6.0.2.tgz 0ms (cache hit)
434 http cache forwarded@https://registry.npmjs.org/forwarded/-/forwarded-0.2.0.tgz 0ms (cache hit)
435 http cache gopd@https://registry.npmjs.org/gopd/-/gopd-1.2.0.tgz 0ms (cache hit)
436 http cache es-object-atoms@https://registry.npmjs.org/es-object-atoms/-/es-object-atoms-1.1.1.tgz 0ms (cache hit)
437 http cache function-bind@https://registry.npmjs.org/function-bind/-/function-bind-1.1.2.tgz 0ms (cache hit)
438 http cache es-define-property@https://registry.npmjs.org/es-define-property/-/es-define-property-1.0.1.tgz 0ms (cache hit)
439 http cache dunder-proto@https://registry.npmjs.org/dunder-proto/-/dunder-proto-1.0.1.tgz 0ms (cache hit)
440 http cache call-bind-apply-helpers@https://registry.npmjs.org/call-bind-apply-helpers/-/call-bind-apply-helpers-1.0.2.tgz 0ms (cache hit)
441 http cache get-intrinsic@https://registry.npmjs.org/get-intrinsic/-/get-intrinsic-1.3.0.tgz 0ms (cache hit)
442 http cache has-symbols@https://registry.npmjs.org/has-symbols/-/has-symbols-1.1.0.tgz 0ms (cache hit)
443 http cache hasown@https://registry.npmjs.org/hasown/-/hasown-2.0.3.tgz 0ms (cache hit)
444 http cache asynckit@https://registry.npmjs.org/asynckit/-/asynckit-0.4.0.tgz 0ms (cache hit)
445 http cache es-errors@https://registry.npmjs.org/es-errors/-/es-errors-1.3.0.tgz 0ms (cache hit)
446 http cache has-tostringtag@https://registry.npmjs.org/has-tostringtag/-/has-tostringtag-1.0.2.tgz 0ms (cache hit)
447 http cache negotiator@https://registry.npmjs.org/negotiator/-/negotiator-1.0.0.tgz 0ms (cache hit)
448 http cache proxy-addr@https://registry.npmjs.org/proxy-addr/-/proxy-addr-2.0.7.tgz 0ms (cache hit)
449 http cache statuses@https://registry.npmjs.org/statuses/-/statuses-2.0.2.tgz 0ms (cache hit)
450 http cache serve-static@https://registry.npmjs.org/serve-static/-/serve-static-2.2.1.tgz 0ms (cache hit)
451 http cache range-parser@https://registry.npmjs.org/range-parser/-/range-parser-1.2.1.tgz 0ms (cache hit)
452 http cache router@https://registry.npmjs.org/router/-/router-2.2.0.tgz 1ms (cache hit)
453 http cache parseurl@https://registry.npmjs.org/parseurl/-/parseurl-1.3.3.tgz 0ms (cache hit)
454 http cache send@https://registry.npmjs.org/send/-/send-1.2.1.tgz 0ms (cache hit)
455 http cache es-set-tostringtag@https://registry.npmjs.org/es-set-tostringtag/-/es-set-tostringtag-2.1.0.tgz 0ms (cache hit)
456 http cache merge-descriptors@https://registry.npmjs.org/merge-descriptors/-/merge-descriptors-2.0.0.tgz 0ms (cache hit)
457 http cache finalhandler@https://registry.npmjs.org/finalhandler/-/finalhandler-2.1.1.tgz 0ms (cache hit)
458 http cache fresh@https://registry.npmjs.org/fresh/-/fresh-2.0.0.tgz 0ms (cache hit)
459 http cache escape-html@https://registry.npmjs.org/escape-html/-/escape-html-1.0.3.tgz 0ms (cache hit)
460 http cache etag@https://registry.npmjs.org/etag/-/etag-1.8.1.tgz 0ms (cache hit)
461 http cache encodeurl@https://registry.npmjs.org/encodeurl/-/encodeurl-2.0.0.tgz 0ms (cache hit)
462 http cache depd@https://registry.npmjs.org/depd/-/depd-2.0.0.tgz 0ms (cache hit)
463 http cache cookie@https://registry.npmjs.org/cookie/-/cookie-0.7.2.tgz 0ms (cache hit)
464 http cache combined-stream@https://registry.npmjs.org/combined-stream/-/combined-stream-1.0.8.tgz 0ms (cache hit)
465 http cache content-disposition@https://registry.npmjs.org/content-disposition/-/content-disposition-1.1.0.tgz 0ms (cache hit)
466 http cache vary@https://registry.npmjs.org/vary/-/vary-1.1.2.tgz 1ms (cache hit)
467 http cache type-is@https://registry.npmjs.org/type-is/-/type-is-2.1.0.tgz 0ms (cache hit)
468 http cache object-assign@https://registry.npmjs.org/object-assign/-/object-assign-4.1.1.tgz 0ms (cache hit)
469 http cache cookie-signature@https://registry.npmjs.org/cookie-signature/-/cookie-signature-1.2.2.tgz 0ms (cache hit)
470 http cache raw-body@https://registry.npmjs.org/raw-body/-/raw-body-3.0.2.tgz 0ms (cache hit)
471 http cache mime-types@https://registry.npmjs.org/mime-types/-/mime-types-3.0.2.tgz 0ms (cache hit)
472 http cache qs@https://registry.npmjs.org/qs/-/qs-6.15.1.tgz 0ms (cache hit)
473 http cache content-type@https://registry.npmjs.org/content-type/-/content-type-1.0.5.tgz 0ms (cache hit)
474 http cache iconv-lite@https://registry.npmjs.org/iconv-lite/-/iconv-lite-0.7.2.tgz 0ms (cache hit)
475 http cache bytes@https://registry.npmjs.org/bytes/-/bytes-3.1.2.tgz 0ms (cache hit)
476 http cache follow-redirects@https://registry.npmjs.org/follow-redirects/-/follow-redirects-1.16.0.tgz 0ms (cache hit)
477 http cache proxy-from-env@https://registry.npmjs.org/proxy-from-env/-/proxy-from-env-2.1.0.tgz 0ms (cache hit)
478 http cache express@https://registry.npmjs.org/express/-/express-5.2.1.tgz 0ms (cache hit)
479 http cache cors@https://registry.npmjs.org/cors/-/cors-2.8.6.tgz 0ms (cache hit)
480 http cache http-errors@https://registry.npmjs.org/http-errors/-/http-errors-2.0.1.tgz 0ms (cache hit)
481 http cache on-finished@https://registry.npmjs.org/on-finished/-/on-finished-2.4.1.tgz 0ms (cache hit)
482 http cache https-proxy-agent@https://registry.npmjs.org/https-proxy-agent/-/https-proxy-agent-5.0.1.tgz 0ms (cache hit)
483 http cache form-data@https://registry.npmjs.org/form-data/-/form-data-4.0.5.tgz 0ms (cache hit)
484 http cache mime-types@https://registry.npmjs.org/mime-types/-/mime-types-2.1.35.tgz 0ms (cache hit)
485 http cache axios@https://registry.npmjs.org/axios/-/axios-1.16.1.tgz 0ms (cache hit)
486 http cache delayed-stream@https://registry.npmjs.org/delayed-stream/-/delayed-stream-1.0.0.tgz 0ms (cache hit)
487 silly tarball no local data for path-to-regexp@https://registry.npmjs.org/path-to-regexp/-/path-to-regexp-8.4.2.tgz. Extracting by manifest.
488 http cache body-parser@https://registry.npmjs.org/body-parser/-/body-parser-2.2.2.tgz 0ms (cache hit)
489 http cache content-type@https://registry.npmjs.org/content-type/-/content-type-2.0.0.tgz 0ms (cache hit)
490 http cache mime-db@https://registry.npmjs.org/mime-db/-/mime-db-1.52.0.tgz 0ms (cache hit)
491 silly tarball no local data for media-typer@https://registry.npmjs.org/media-typer/-/media-typer-1.1.0.tgz. Extracting by manifest.
492 silly tarball no local data for is-promise@https://registry.npmjs.org/is-promise/-/is-promise-4.0.0.tgz. Extracting by manifest.
493 silly tarball no local data for mime-db@https://registry.npmjs.org/mime-db/-/mime-db-1.54.0.tgz. Extracting by manifest.
494 http cache accepts@https://registry.npmjs.org/accepts/-/accepts-2.0.0.tgz 0ms (cache hit)
495 silly tarball no local data for agent-base@https://registry.npmjs.org/agent-base/-/agent-base-6.0.2.tgz. Extracting by manifest.
496 silly tarball no local data for negotiator@https://registry.npmjs.org/negotiator/-/negotiator-1.0.0.tgz. Extracting by manifest.
497 silly tarball no local data for router@https://registry.npmjs.org/router/-/router-2.2.0.tgz. Extracting by manifest.
498 silly tarball no local data for send@https://registry.npmjs.org/send/-/send-1.2.1.tgz. Extracting by manifest.
499 silly tarball no local data for serve-static@https://registry.npmjs.org/serve-static/-/serve-static-2.2.1.tgz. Extracting by manifest.
500 silly tarball no local data for merge-descriptors@https://registry.npmjs.org/merge-descriptors/-/merge-descriptors-2.0.0.tgz. Extracting by manifest.
501 silly tarball no local data for fresh@https://registry.npmjs.org/fresh/-/fresh-2.0.0.tgz. Extracting by manifest.
502 silly tarball no local data for finalhandler@https://registry.npmjs.org/finalhandler/-/finalhandler-2.1.1.tgz. Extracting by manifest.
503 silly tarball no local data for content-disposition@https://registry.npmjs.org/content-disposition/-/content-disposition-1.1.0.tgz. Extracting by manifest.
504 silly tarball no local data for type-is@https://registry.npmjs.org/type-is/-/type-is-2.1.0.tgz. Extracting by manifest.
505 silly tarball no local data for raw-body@https://registry.npmjs.org/raw-body/-/raw-body-3.0.2.tgz. Extracting by manifest.
506 silly tarball no local data for cookie-signature@https://registry.npmjs.org/cookie-signature/-/cookie-signature-1.2.2.tgz. Extracting by manifest.
507 silly tarball no local data for mime-types@https://registry.npmjs.org/mime-types/-/mime-types-3.0.2.tgz. Extracting by manifest.
508 silly tarball no local data for qs@https://registry.npmjs.org/qs/-/qs-6.15.1.tgz. Extracting by manifest.
509 silly tarball no local data for iconv-lite@https://registry.npmjs.org/iconv-lite/-/iconv-lite-0.7.2.tgz. Extracting by manifest.
510 silly tarball no local data for express@https://registry.npmjs.org/express/-/express-5.2.1.tgz. Extracting by manifest.
511 silly tarball no local data for https-proxy-agent@https://registry.npmjs.org/https-proxy-agent/-/https-proxy-agent-5.0.1.tgz. Extracting by manifest.
512 silly tarball no local data for axios@https://registry.npmjs.org/axios/-/axios-1.16.1.tgz. Extracting by manifest.
513 silly tarball no local data for body-parser@https://registry.npmjs.org/body-parser/-/body-parser-2.2.2.tgz. Extracting by manifest.
514 silly tarball no local data for content-type@https://registry.npmjs.org/content-type/-/content-type-2.0.0.tgz. Extracting by manifest.
515 silly tarball no local data for accepts@https://registry.npmjs.org/accepts/-/accepts-2.0.0.tgz. Extracting by manifest.
516 http fetch POST 200 https://registry.npmjs.org/-/npm/v1/security/advisories/bulk 552ms
517 silly audit report {
517 silly audit report   diff: [
517 silly audit report     {
517 silly audit report       id: 1112706,
517 silly audit report       url: 'https://github.com/advisories/GHSA-73rr-hh4g-fpgx',
517 silly audit report       title: 'jsdiff has a Denial of Service vulnerability in parsePatch and applyPatch',
517 silly audit report       severity: 'low',
517 silly audit report       vulnerable_versions: '>=6.0.0 <8.0.3',
517 silly audit report       cwe: [Array],
517 silly audit report       cvss: [Object]
517 silly audit report     }
517 silly audit report   ],
517 silly audit report   elliptic: [
517 silly audit report     {
517 silly audit report       id: 1112030,
517 silly audit report       url: 'https://github.com/advisories/GHSA-848j-6mx2-7j84',
517 silly audit report       title: 'Elliptic Uses a Cryptographic Primitive with a Risky Implementation',
517 silly audit report       severity: 'low',
517 silly audit report       vulnerable_versions: '<=6.6.1',
517 silly audit report       cwe: [Array],
517 silly audit report       cvss: [Object]
517 silly audit report     }
517 silly audit report   ],
517 silly audit report   'lodash-es': [
517 silly audit report     {
517 silly audit report       id: 1112453,
517 silly audit report       url: 'https://github.com/advisories/GHSA-xxjr-mmjv-4gpg',
517 silly audit report       title: 'Lodash has Prototype Pollution Vulnerability in `_.unset` and `_.omit` functions',
517 silly audit report       severity: 'moderate',
517 silly audit report       vulnerable_versions: '>=4.0.0 <=4.17.22',
517 silly audit report       cwe: [Array],
517 silly audit report       cvss: [Object]
517 silly audit report     },
517 silly audit report     {
517 silly audit report       id: 1115805,
517 silly audit report       url: 'https://github.com/advisories/GHSA-r5fr-rjxr-66jc',
517 silly audit report       title: 'lodash vulnerable to Code Injection via `_.template` imports key names',
517 silly audit report       severity: 'high',
517 silly audit report       vulnerable_versions: '>=4.0.0 <=4.17.23',
517 silly audit report       cwe: [Array],
517 silly audit report       cvss: [Object]
517 silly audit report     },
517 silly audit report     {
517 silly audit report       id: 1115809,
517 silly audit report       url: 'https://github.com/advisories/GHSA-f23m-r3pf-42rh',
517 silly audit report       title: 'lodash vulnerable to Prototype Pollution via array path bypass in `_.unset` and `_.omit`',
517 silly audit report       severity: 'moderate',
517 silly audit report       vulnerable_versions: '<=4.17.23',
517 silly audit report       cwe: [Array],
517 silly audit report       cvss: [Object]
517 silly audit report     }
517 silly audit report   ],
517 silly audit report   'serialize-javascript': [
517 silly audit report     {
517 silly audit report       id: 1113686,
517 silly audit report       url: 'https://github.com/advisories/GHSA-5c6j-r48x-rmvq',
517 silly audit report       title: 'Serialize JavaScript is Vulnerable to RCE via RegExp.flags and Date.prototype.toISOString()',
517 silly audit report       severity: 'high',
517 silly audit report       vulnerable_versions: '<=7.0.2',
517 silly audit report       cwe: [Array],
517 silly audit report       cvss: [Object]
517 silly audit report     },
517 silly audit report     {
517 silly audit report       id: 1115723,
517 silly audit report       url: 'https://github.com/advisories/GHSA-qj8w-gfj5-8c6v',
517 silly audit report       title: 'Serialize JavaScript has CPU Exhaustion Denial of Service via crafted array-like objects',
517 silly audit report       severity: 'moderate',
517 silly audit report       vulnerable_versions: '<7.0.5',
517 silly audit report       cwe: [Array],
517 silly audit report       cvss: [Object]
517 silly audit report     }
517 silly audit report   ]
517 silly audit report }
518 silly packumentCache corgi:https://registry.npmjs.org/diff cache-miss
519 silly packumentCache corgi:https://registry.npmjs.org/elliptic cache-miss
520 silly packumentCache corgi:https://registry.npmjs.org/lodash-es cache-miss
521 silly packumentCache corgi:https://registry.npmjs.org/serialize-javascript cache-miss
522 http fetch GET 200 https://registry.npmjs.org/is-promise/-/is-promise-4.0.0.tgz 613ms (cache miss)
523 http fetch GET 200 https://registry.npmjs.org/media-typer/-/media-typer-1.1.0.tgz 646ms (cache miss)
524 http fetch GET 200 https://registry.npmjs.org/path-to-regexp/-/path-to-regexp-8.4.2.tgz 679ms (cache miss)
525 http fetch GET 200 https://registry.npmjs.org/raw-body/-/raw-body-3.0.2.tgz 705ms (cache miss)
526 http fetch GET 200 https://registry.npmjs.org/cookie-signature/-/cookie-signature-1.2.2.tgz 722ms (cache miss)
527 http fetch GET 200 https://registry.npmjs.org/mime-types/-/mime-types-3.0.2.tgz 753ms (cache miss)
528 http fetch GET 200 https://registry.npmjs.org/mime-db/-/mime-db-1.54.0.tgz 786ms (cache miss)
529 http fetch GET 200 https://registry.npmjs.org/negotiator/-/negotiator-1.0.0.tgz 781ms (cache miss)
530 http fetch GET 200 https://registry.npmjs.org/agent-base/-/agent-base-6.0.2.tgz 804ms (cache miss)
531 http fetch GET 200 https://registry.npmjs.org/https-proxy-agent/-/https-proxy-agent-5.0.1.tgz 823ms (cache miss)
532 http fetch GET 200 https://registry.npmjs.org/express/-/express-5.2.1.tgz 922ms (cache miss)
533 http fetch GET 200 https://registry.npmjs.org/diff 570ms (cache revalidated)
534 silly packumentCache corgi:https://registry.npmjs.org/diff set size:67741 disposed:false
535 http fetch GET 200 https://registry.npmjs.org/serialize-javascript 572ms (cache revalidated)
536 silly packumentCache corgi:https://registry.npmjs.org/serialize-javascript set size:36142 disposed:false
537 http fetch GET 200 https://registry.npmjs.org/content-type/-/content-type-2.0.0.tgz 942ms (cache miss)
538 http fetch GET 200 https://registry.npmjs.org/accepts/-/accepts-2.0.0.tgz 943ms (cache miss)
539 http fetch GET 200 https://registry.npmjs.org/qs/-/qs-6.15.1.tgz 968ms (cache miss)
540 http fetch GET 200 https://registry.npmjs.org/body-parser/-/body-parser-2.2.2.tgz 976ms (cache miss)
541 http fetch GET 200 https://registry.npmjs.org/lodash-es 698ms (cache revalidated)
542 silly packumentCache corgi:https://registry.npmjs.org/lodash-es set size:42655 disposed:false
543 http fetch GET 200 https://registry.npmjs.org/elliptic 760ms (cache revalidated)
544 silly packumentCache corgi:https://registry.npmjs.org/elliptic set size:67039 disposed:false
545 silly packumentCache corgi:https://registry.npmjs.org/mocha cache-miss
546 http fetch GET 200 https://registry.npmjs.org/serve-static/-/serve-static-2.2.1.tgz 1167ms (cache miss)
547 http fetch GET 200 https://registry.npmjs.org/router/-/router-2.2.0.tgz 1193ms (cache miss)
548 http fetch GET 200 https://registry.npmjs.org/finalhandler/-/finalhandler-2.1.1.tgz 1187ms (cache miss)
549 http fetch GET 200 https://registry.npmjs.org/merge-descriptors/-/merge-descriptors-2.0.0.tgz 1194ms (cache miss)
550 http fetch GET 200 https://registry.npmjs.org/fresh/-/fresh-2.0.0.tgz 1193ms (cache miss)
551 http fetch GET 200 https://registry.npmjs.org/send/-/send-1.2.1.tgz 1204ms (cache miss)
552 http fetch GET 200 https://registry.npmjs.org/content-disposition/-/content-disposition-1.1.0.tgz 1194ms (cache miss)
553 http fetch GET 200 https://registry.npmjs.org/type-is/-/type-is-2.1.0.tgz 1195ms (cache miss)
554 http fetch GET 200 https://registry.npmjs.org/iconv-lite/-/iconv-lite-0.7.2.tgz 1193ms (cache miss)
555 http fetch GET 200 https://registry.npmjs.org/mocha 425ms (cache revalidated)
556 silly packumentCache corgi:https://registry.npmjs.org/mocha set size:444115 disposed:false
557 silly packumentCache corgi:https://registry.npmjs.org/@ethersproject%2fsigning-key cache-miss
558 http fetch GET 200 https://registry.npmjs.org/@ethersproject%2fsigning-key 277ms (cache revalidated)
559 silly packumentCache corgi:https://registry.npmjs.org/@ethersproject%2fsigning-key set size:74077 disposed:false
560 silly packumentCache corgi:https://registry.npmjs.org/@nomicfoundation%2fignition-core cache-miss
561 http fetch GET 200 https://registry.npmjs.org/axios/-/axios-1.16.1.tgz 1931ms (cache miss)
562 http fetch GET 200 https://registry.npmjs.org/@nomicfoundation%2fignition-core 528ms (cache revalidated)
563 silly packumentCache corgi:https://registry.npmjs.org/@nomicfoundation%2fignition-core set size:119909 disposed:false
564 silly packumentCache corgi:https://registry.npmjs.org/@nomicfoundation%2fhardhat-mocha cache-miss
565 silly packumentCache corgi:https://registry.npmjs.org/@nomicfoundation%2fhardhat-toolbox-mocha-ethers cache-miss
566 http fetch GET 200 https://registry.npmjs.org/@nomicfoundation%2fhardhat-toolbox-mocha-ethers 594ms (cache revalidated)
567 silly packumentCache corgi:https://registry.npmjs.org/@nomicfoundation%2fhardhat-toolbox-mocha-ethers set size:82016 disposed:false
568 http fetch GET 200 https://registry.npmjs.org/@nomicfoundation%2fhardhat-mocha 687ms (cache revalidated)
569 silly packumentCache corgi:https://registry.npmjs.org/@nomicfoundation%2fhardhat-mocha set size:70137 disposed:false
570 silly packumentCache corgi:https://registry.npmjs.org/@ethersproject%2ftransactions cache-miss
571 http fetch GET 200 https://registry.npmjs.org/@ethersproject%2ftransactions 395ms (cache revalidated)
572 silly packumentCache corgi:https://registry.npmjs.org/@ethersproject%2ftransactions set size:85329 disposed:false
573 silly packumentCache corgi:https://registry.npmjs.org/@nomicfoundation%2fhardhat-ignition cache-miss
574 silly packumentCache corgi:https://registry.npmjs.org/@nomicfoundation%2fhardhat-ignition-ethers cache-miss
575 http fetch GET 200 https://registry.npmjs.org/@nomicfoundation%2fhardhat-ignition-ethers 559ms (cache revalidated)
576 silly packumentCache corgi:https://registry.npmjs.org/@nomicfoundation%2fhardhat-ignition-ethers set size:109496 disposed:false
577 http fetch GET 200 https://registry.npmjs.org/@nomicfoundation%2fhardhat-ignition 577ms (cache revalidated)
578 silly packumentCache corgi:https://registry.npmjs.org/@nomicfoundation%2fhardhat-ignition set size:135318 disposed:false
579 silly packumentCache corgi:https://registry.npmjs.org/@ethersproject%2fabstract-provider cache-miss
580 http fetch GET 200 https://registry.npmjs.org/@ethersproject%2fabstract-provider 278ms (cache revalidated)
581 silly packumentCache corgi:https://registry.npmjs.org/@ethersproject%2fabstract-provider set size:86707 disposed:false
582 silly packumentCache corgi:https://registry.npmjs.org/@ethersproject%2fabstract-signer cache-miss
583 http fetch GET 200 https://registry.npmjs.org/@ethersproject%2fabstract-signer 1083ms (cache revalidated)
584 silly packumentCache corgi:https://registry.npmjs.org/@ethersproject%2fabstract-signer set size:92575 disposed:false
585 silly packumentCache corgi:https://registry.npmjs.org/@ethersproject%2fhash cache-miss
586 http fetch GET 200 https://registry.npmjs.org/@ethersproject%2fhash 402ms (cache revalidated)
587 silly packumentCache corgi:https://registry.npmjs.org/@ethersproject%2fhash set size:81868 disposed:false
588 silly packumentCache corgi:https://registry.npmjs.org/@ethersproject%2fabi cache-miss
589 http fetch GET 200 https://registry.npmjs.org/@ethersproject%2fabi 274ms (cache revalidated)
590 silly packumentCache corgi:https://registry.npmjs.org/@ethersproject%2fabi set size:136312 disposed:false
591 silly packumentCache corgi:https://registry.npmjs.org/@nomicfoundation%2fhardhat-verify cache-miss
592 http fetch GET 200 https://registry.npmjs.org/@nomicfoundation%2fhardhat-verify 335ms (cache revalidated)
593 silly packumentCache corgi:https://registry.npmjs.org/@nomicfoundation%2fhardhat-verify set size:97823 disposed:false
594 silly ADD node_modules/media-typer
595 silly ADD node_modules/call-bound
596 silly ADD node_modules/side-channel-weakmap
597 silly ADD node_modules/side-channel-map
598 silly ADD node_modules/side-channel-list
599 silly ADD node_modules/object-inspect
600 silly ADD node_modules/path-to-regexp
601 silly ADD node_modules/is-promise
602 silly ADD node_modules/unpipe
603 silly ADD node_modules/side-channel
604 silly ADD node_modules/ipaddr.js
605 silly ADD node_modules/forwarded
606 silly ADD node_modules/ee-first
607 silly ADD node_modules/mime-db
608 silly ADD node_modules/safer-buffer
609 silly ADD node_modules/agent-base
610 silly ADD node_modules/toidentifier
611 silly ADD node_modules/setprototypeof
612 silly ADD node_modules/dunder-proto
613 silly ADD node_modules/math-intrinsics
614 silly ADD node_modules/has-symbols
615 silly ADD node_modules/gopd
616 silly ADD node_modules/get-proto
617 silly ADD node_modules/function-bind
618 silly ADD node_modules/es-object-atoms
619 silly ADD node_modules/es-define-property
620 silly ADD node_modules/call-bind-apply-helpers
621 silly ADD node_modules/has-tostringtag
622 silly ADD node_modules/get-intrinsic
623 silly ADD node_modules/es-errors
624 silly ADD node_modules/delayed-stream
625 silly ADD node_modules/hasown
626 silly ADD node_modules/es-set-tostringtag
627 silly ADD node_modules/combined-stream
628 silly ADD node_modules/asynckit
629 silly ADD node_modules/negotiator
630 silly ADD node_modules/statuses
631 silly ADD node_modules/serve-static
632 silly ADD node_modules/send
633 silly ADD node_modules/router
634 silly ADD node_modules/range-parser
635 silly ADD node_modules/proxy-addr
636 silly ADD node_modules/parseurl
637 silly ADD node_modules/mime-types
638 silly ADD node_modules/merge-descriptors
639 silly ADD node_modules/fresh
640 silly ADD node_modules/finalhandler
641 silly ADD node_modules/etag
642 silly ADD node_modules/escape-html
643 silly ADD node_modules/encodeurl
644 silly ADD node_modules/depd
645 silly ADD node_modules/cookie-signature
646 silly ADD node_modules/cookie
647 silly ADD node_modules/content-disposition
648 silly ADD node_modules/accepts
649 silly ADD node_modules/vary
650 silly ADD node_modules/object-assign
651 silly ADD node_modules/type-is
652 silly ADD node_modules/type-is/node_modules/content-type
653 silly ADD node_modules/raw-body
654 silly ADD node_modules/qs
655 silly ADD node_modules/on-finished
656 silly ADD node_modules/iconv-lite
657 silly ADD node_modules/http-errors
658 silly ADD node_modules/content-type
659 silly ADD node_modules/bytes
660 silly ADD node_modules/proxy-from-env
661 silly ADD node_modules/https-proxy-agent
662 silly ADD node_modules/form-data
663 silly ADD node_modules/form-data/node_modules/mime-db
664 silly ADD node_modules/form-data/node_modules/mime-types
665 silly ADD node_modules/follow-redirects
666 silly ADD node_modules/express
667 silly ADD node_modules/cors
668 silly ADD node_modules/body-parser
669 silly ADD node_modules/axios
670 verbose cwd /home/userland
671 verbose os Linux 5.10.198-android12-9-00085-g226a9632f13d-ab11136126
672 verbose node v24.14.1
673 verbose npm  v11.11.0
674 verbose exit 0
675 info ok
