0 verbose cli /usr/local/bin/node /usr/local/bin/npm
1 info using npm@11.11.0
2 info using node@v24.14.1
3 silly config load:file:/usr/local/lib/node_modules/npm/npmrc
4 silly config load:file:/home/userland/.npmrc
5 silly config load:file:/usr/local/etc/npmrc
6 verbose title npm init
7 verbose argv "init" "--yes"
8 verbose logfile logs-max:10 dir:/home/userland/.npm/_logs/2026-05-16T22_44_08_097Z-
9 verbose logfile /home/userland/.npm/_logs/2026-05-16T22_44_08_097Z-debug-0.log
10 silly logfile start cleaning logs, removing 1 files
11 silly logfile done cleaning log files
12 silly package data {
12 silly package data   name: 'tunapac-humanledger-hub',
12 silly package data   version: '1.0.0',
12 silly package data   description: '',
12 silly package data   main: 'index.js',
12 silly package data   scripts: { test: 'echo "Error: no test specified" && exit 1' },
12 silly package data   keywords: [],
12 silly package data   author: '',
12 silly package data   license: 'ISC',
12 silly package data   type: 'commonjs'
12 silly package data }
13 verbose cwd /home/userland/tunapac-humanledger-hub
14 verbose os Linux 5.10.198-android12-9-00085-g226a9632f13d-ab11136126
15 verbose node v24.14.1
16 verbose npm  v11.11.0
17 verbose exit 0
18 info ok
